Microchip MPLAB XC8 Compiler V2.40

Linker command line:

-W-3 \
  --edf=D:\Program Files\Microchip\xc8\v2.40\pic\dat\20220703182018_en.msgs \
  -cn -h+dist/default/production\robo01.X.production.sym \
  --cmf=dist/default/production\robo01.X.production.cmf -z -Q16F1779 \
  -oC:\Users\hirot\AppData\Local\Temp\xcAs3sc.4 --defsym=__MPLAB_BUILD=1 \
  --fixupoverflow=error -Mdist/default/production/robo01.X.production.map \
  --md=C:\Users\hirot\AppData\Local\Temp\xcAs3sc.dat -E1 -ver=XC8 Compiler \
  --acfsm=1493 -ACODE=00h-07FFhx8 -ASTRCODE=00h-03FFFh -ASTRING=00h-0FFhx64 \
  -ACONST=00h-0FFhx64 -AENTRY=00h-0FFhx64 -ACOMMON=070h-07Fh \
  -ABANK0=020h-06Fh -ABANK1=0A0h-0EFh -ABANK2=0120h-016Fh \
  -ABANK3=01A0h-01EFh -ABANK4=0220h-026Fh -ABANK5=02A0h-02EFh \
  -ABANK6=0320h-036Fh -ABANK7=03A0h-03EFh -ABANK8=0420h-046Fh \
  -ABANK9=04A0h-04EFh -ABANK10=0520h-056Fh -ABANK11=05A0h-05EFh \
  -ABANK12=0620h-066Fh -ABANK13=06A0h-06EFh -ABANK14=0720h-076Fh \
  -ABANK15=07A0h-07EFh -ABANK16=0820h-086Fh -ABANK17=08A0h-08EFh \
  -ABANK18=0920h-096Fh -ABANK19=09A0h-09EFh -ABANK20=0A20h-0A6Fh \
  -ABANK21=0AA0h-0AEFh -ABANK22=0B20h-0B6Fh -ABANK23=0BA0h-0BEFh \
  -ABANK24=0C20h-0C6Fh -ABANK25=0CA0h-0CBFh -ABIGRAM=02000h-027EFh \
  -ARAM=020h-06Fh,0A0h-0EFh,0120h-016Fh,01A0h-01EFh,0220h-026Fh,02A0h-02EFh,0320h-036Fh,03A0h-03EFh,0420h-046Fh,04A0h-04EFh,0520h-056Fh,05A0h-05EFh,0620h-066Fh,06A0h-06EFh,0720h-076Fh,07A0h-07EFh,0820h-086Fh,08A0h-08EFh,0920h-096Fh,09A0h-09EFh,0A20h-0A6Fh,0AA0h-0AEFh,0B20h-0B6Fh,0BA0h-0BEFh,0C20h-0C6Fh,0CA0h-0CBFh \
  -AABS1=020h-07Fh,0A0h-0EFh,0120h-016Fh,01A0h-01EFh,0220h-026Fh,02A0h-02EFh,0320h-036Fh,03A0h-03EFh,0420h-046Fh,04A0h-04EFh,0520h-056Fh,05A0h-05EFh,0620h-066Fh,06A0h-06EFh,0720h-076Fh,07A0h-07EFh,0820h-086Fh,08A0h-08EFh,0920h-096Fh,09A0h-09EFh,0A20h-0A6Fh,0AA0h-0AEFh,0B20h-0B6Fh,0BA0h-0BEFh,0C20h-0C6Fh,0CA0h-0CBFh \
  -ASFR0=00h-01Fh -ASFR1=080h-09Fh -ASFR2=0100h-011Fh -ASFR3=0180h-019Fh \
  -ASFR4=0200h-021Fh -ASFR5=0280h-029Fh -ASFR6=0300h-031Fh \
  -ASFR7=0380h-039Fh -ASFR8=0400h-041Fh -ASFR9=0480h-049Fh \
  -ASFR10=0500h-051Fh -ASFR11=0580h-059Fh -ASFR12=0600h-061Fh \
  -ASFR13=0680h-069Fh -ASFR14=0700h-071Fh -ASFR15=0780h-079Fh \
  -ASFR16=0800h-081Fh -ASFR17=0880h-089Fh -ASFR18=0900h-091Fh \
  -ASFR19=0980h-099Fh -ASFR20=0A00h-0A1Fh -ASFR21=0A80h-0A9Fh \
  -ASFR22=0B00h-0B1Fh -ASFR23=0B80h-0B9Fh -ASFR24=0C00h-0C1Fh \
  -ASFR25=0C80h-0C9Fh -ASFR26=0D00h-0D6Fh -ASFR27=0D80h-0DEFh \
  -ASFR28=0E00h-0E6Fh -ASFR29=0E80h-0EEFh -ASFR30=0F00h-0F6Fh \
  -ASFR31=0F80h-0FEFh -ACONFIG=08007h-08008h -DCONFIG=2 \
  -AIDLOC=08000h-08003h -DIDLOC=2 -DCODE=2 -DSTRCODE=2 -DSTRING=2 -DCONST=2 \
  -DENTRY=2 -preset_vec=00h,intentry=04h,init,end_init -ppowerup=CODE \
  -pcinit=CODE -pfunctab=ENTRY -k \
  C:\Users\hirot\AppData\Local\Temp\xcAs3sc.o \
  dist/default/production\robo01.X.production.o 

Object code version is 3.11

Machine type is 16F1779



                Name                               Link     Load   Length Selector   Space Scale
C:\Users\hirot\AppData\Local\Temp\xcAs3sc.o
                end_init                             64       64        2        8       0
                reset_vec                             0        0        2        0       0
                config                             8007     8007        2        0       4
                idloc                              8000     8000        4        0       5
dist/default/production\robo01.X.production.o
                cinit                                66       66       27        8       0
                intentry                              4        4       60        8       0
                config                             8007     8007        2        0       4
                idloc                              8000     8000        4        0       5
                text89                             1205     1205        1     240A       0
                text88                             1330     1330        F     2660       0
                text87                             13F7     13F7       19     27EE       0
                text86                             1218     1218        4     2430       0
                text85                             1206     1206        1     240C       0
                text84                             121C     121C        4     2438       0
                text83                             16BD     16BD       3D     2D7A       0
                text82                             15A1     15A1       22     2B42       0
                text81                             1410     1410       19     2820       0
                text80                             1207     1207        1     240E       0
                text79                             1228     1228        9     2450       0
                text78                             133F     133F        F     267E       0
                text77                             1208     1208        1     2410       0
                text76                             14E0     14E0       1F     29C0       0
                text75                             134E     134E        F     269C       0
                text74                             1209     1209        1     2412       0
                text73                             1231     1231        9     2462       0
                text72                             135D     135D        F     26BA       0
                text71                             120A     120A        1     2414       0
                text70                             14FF     14FF       1F     29FE       0
                text69                             136C     136C        F     26D8       0
                text68                             153E     153E       21     2A7C       0
                text67                             120B     120B        1     2416       0
                text66                              800      800        1        8       0
                text65                             12FA     12FA        D     25F4       0
                text64                             139A     139A       11     2734       0
                text63                             1314     1314        E     2628       0
                text62                                2        2        1        0       0
                text61                                3        3        1        6       0
                text60                             1307     1307        D     260E       0
                text59                             13AB     13AB       11     2756       0
                text58                             1322     1322        E     2644       0
                text56                             123A     123A        9     2474       0
                text55                             120C     120C        3     2418       0
                text54                             1243     1243        9     2486       0
                text53                             120F     120F        3     241E       0
                text52                             124C     124C        9     2498       0
                text51                             13CE     13CE       13     279C       0
                text50                             1255     1255        9     24AA       0
                text49                             125E     125E        9     24BC       0
                text48                             1267     1267        9     24CE       0
                text47                             1270     1270        9     24E0       0
                text46                             1279     1279        9     24F2       0
                text45                             16FA     16FA       42     2DF4       0
                text44                             12E2     12E2        C     25C4       0
                text43                             1282     1282        9     2504       0
                text42                             128B     128B        9     2516       0
                text41                             1294     1294        9     2528       0
                text40                             129D     129D        9     253A       0
                text39                              807      807       80     100E       0
                text38                             13E1     13E1       16     27C2       0
                text37                             12C1     12C1        B     2582       0
                text36                             12CC     12CC        B     2598       0
                text35                             148D     148D       1B     291A       0
                text34                             1429     1429       19     2852       0
                text33                             12D7     12D7        B     25AE       0
                text32                             138A     138A       10     2714       0
                text31                             137B     137B        F     26F6       0
                text30                             12A6     12A6        9     254C       0
                text29                             14A8     14A8       1B     2950       0
                text28                             12AF     12AF        9     255E       0
                text27                             14C3     14C3       1D     2986       0
                text26                             1220     1220        4     2440       0
                text25                             15E7     15E7       2E     2BCE       0
                text24                             1212     1212        3     2424       0
                text23                              9BD      9BD      200     137A       0
                text22                             12EE     12EE        C     25DC       0
                text21                              78F      78F       71        8       0
                text20                              912      912       AB     1224       0
                text19                             12B8     12B8        9     2570       0
                text18                             1215     1215        3     242A       0
                text17                             173C     173C       60     2E78       0
                text16                             151E     151E       20     2A3C       0
                text15                             179C     179C       64     2F38       0
                text14                             1442     1442       19     2884       0
                text13                             1615     1615       38     2C2A       0
                text12                             145B     145B       19     28B6       0
                text11                             164D     164D       38     2C9A       0
                text10                             1474     1474       19     28E8       0
                text9                              1685     1685       38     2D0A       0
                text8                              155F     155F       21     2ABE       0
                text7                              1580     1580       21     2B00       0
                text6                               BBD      BBD      208     177A       0
                text5                               887      887       8B     110E       0
                text4                              15C3     15C3       24     2B86       0
                text3                               DC5      DC5      23B     1B8A       0
                text2                              13BC     13BC       12     2778       0
                text1                               47B      47B      314        8       0
                maintext                             8D       8D      3EE        8       0
                cstackBANK0                          20       20       50       20       1
                cstackCOMMON                         70       70        C       70       1
                cstackBANK1                          A0       A0       48       A0       1
                clrtext                             801      801        6     1002       0
                dataBANK2                           165      165        4      120       1
                bssBANK2                            120      120       3D      120       1
                bssBANK1                             E8       E8        8       A0       1
                bssCOMMON                            7C       7C        2       70       1
                stringtext2                        1804     1804        1     3000       0
                nvBANK2                             15D      15D        8      120       1
                stringtext1                        1800     1800        4     3000       0
                idataBANK2                         1224     1224        4     2448       0

TOTAL           Name                               Link     Load   Length     Space
        CLASS   CODE           
                end_init                             64       64        2         0
                cinit                                66       66       27         0
                intentry                              4        4       60         0
                reset_vec                             0        0        2         0
                text89                             1205     1205        1         0
                text88                             1330     1330        F         0
                text87                             13F7     13F7       19         0
                text86                             1218     1218        4         0
                text85                             1206     1206        1         0
                text84                             121C     121C        4         0
                text83                             16BD     16BD       3D         0
                text82                             15A1     15A1       22         0
                text81                             1410     1410       19         0
                text80                             1207     1207        1         0
                text79                             1228     1228        9         0
                text78                             133F     133F        F         0
                text77                             1208     1208        1         0
                text76                             14E0     14E0       1F         0
                text75                             134E     134E        F         0
                text74                             1209     1209        1         0
                text73                             1231     1231        9         0
                text72                             135D     135D        F         0
                text71                             120A     120A        1         0
                text70                             14FF     14FF       1F         0
                text69                             136C     136C        F         0
                text68                             153E     153E       21         0
                text67                             120B     120B        1         0
                text66                              800      800        1         0
                text65                             12FA     12FA        D         0
                text64                             139A     139A       11         0
                text63                             1314     1314        E         0
                text62                                2        2        1         0
                text61                                3        3        1         0
                text60                             1307     1307        D         0
                text59                             13AB     13AB       11         0
                text58                             1322     1322        E         0
                text56                             123A     123A        9         0
                text55                             120C     120C        3         0
                text54                             1243     1243        9         0
                text53                             120F     120F        3         0
                text52                             124C     124C        9         0
                text51                             13CE     13CE       13         0
                text50                             1255     1255        9         0
                text49                             125E     125E        9         0
                text48                             1267     1267        9         0
                text47                             1270     1270        9         0
                text46                             1279     1279        9         0
                text45                             16FA     16FA       42         0
                text44                             12E2     12E2        C         0
                text43                             1282     1282        9         0
                text42                             128B     128B        9         0
                text41                             1294     1294        9         0
                text40                             129D     129D        9         0
                text39                              807      807       80         0
                text38                             13E1     13E1       16         0
                text37                             12C1     12C1        B         0
                text36                             12CC     12CC        B         0
                text35                             148D     148D       1B         0
                text34                             1429     1429       19         0
                text33                             12D7     12D7        B         0
                text32                             138A     138A       10         0
                text31                             137B     137B        F         0
                text30                             12A6     12A6        9         0
                text29                             14A8     14A8       1B         0
                text28                             12AF     12AF        9         0
                text27                             14C3     14C3       1D         0
                text26                             1220     1220        4         0
                text25                             15E7     15E7       2E         0
                text24                             1212     1212        3         0
                text23                              9BD      9BD      200         0
                text22                             12EE     12EE        C         0
                text21                              78F      78F       71         0
                text20                              912      912       AB         0
                text19                             12B8     12B8        9         0
                text18                             1215     1215        3         0
                text17                             173C     173C       60         0
                text16                             151E     151E       20         0
                text15                             179C     179C       64         0
                text14                             1442     1442       19         0
                text13                             1615     1615       38         0
                text12                             145B     145B       19         0
                text11                             164D     164D       38         0
                text10                             1474     1474       19         0
                text9                              1685     1685       38         0
                text8                              155F     155F       21         0
                text7                              1580     1580       21         0
                text6                               BBD      BBD      208         0
                text5                               887      887       8B         0
                text4                              15C3     15C3       24         0
                text3                               DC5      DC5      23B         0
                text2                              13BC     13BC       12         0
                text1                               47B      47B      314         0
                maintext                             8D       8D      3EE         0
                clrtext                             801      801        6         0
                idataBANK2                         1224     1224        4         0

        CLASS   STRCODE        
                stringtext2                        1804     1804        1         0
                stringtext1                        1800     1800        4         0

        CLASS   STRING         

        CLASS   CONST          

        CLASS   ENTRY          

        CLASS   COMMON         
                cstackCOMMON                         70       70        C         1
                bssCOMMON                            7C       7C        2         1

        CLASS   BANK0          
                cstackBANK0                          20       20       50         1

        CLASS   BANK1          
                cstackBANK1                          A0       A0       48         1
                bssBANK1                             E8       E8        8         1

        CLASS   BANK2          
                dataBANK2                           165      165        4         1
                bssBANK2                            120      120       3D         1
                nvBANK2                             15D      15D        8         1

        CLASS   BANK3          

        CLASS   BANK4          

        CLASS   BANK5          

        CLASS   BANK6          

        CLASS   BANK7          

        CLASS   BANK8          

        CLASS   BANK9          

        CLASS   BANK10         

        CLASS   BANK11         

        CLASS   BANK12         

        CLASS   BANK13         

        CLASS   BANK14         

        CLASS   BANK15         

        CLASS   BANK16         

        CLASS   BANK17         

        CLASS   BANK18         

        CLASS   BANK19         

        CLASS   BANK20         

        CLASS   BANK21         

        CLASS   BANK22         

        CLASS   BANK23         

        CLASS   BANK24         

        CLASS   BANK25         

        CLASS   BIGRAM         

        CLASS   RAM            

        CLASS   ABS1           
                abs_s1                               7E       7E        2         1

        CLASS   SFR0           

        CLASS   SFR1           

        CLASS   SFR2           

        CLASS   SFR3           

        CLASS   SFR4           

        CLASS   SFR5           

        CLASS   SFR6           

        CLASS   SFR7           

        CLASS   SFR8           

        CLASS   SFR9           

        CLASS   SFR10          

        CLASS   SFR11          

        CLASS   SFR12          

        CLASS   SFR13          

        CLASS   SFR14          

        CLASS   SFR15          

        CLASS   SFR16          

        CLASS   SFR17          

        CLASS   SFR18          

        CLASS   SFR19          

        CLASS   SFR20          

        CLASS   SFR21          

        CLASS   SFR22          

        CLASS   SFR23          

        CLASS   SFR24          

        CLASS   SFR25          

        CLASS   SFR26          

        CLASS   SFR27          

        CLASS   SFR28          

        CLASS   SFR29          

        CLASS   SFR30          

        CLASS   SFR31          

        CLASS   CONFIG         
                config                             8007     8007        2         4

        CLASS   IDLOC          
                idloc                              8000     8000        4         5

        CLASS   BANK31         

        CLASS   BANK30         

        CLASS   BANK29         

        CLASS   BANK28         

        CLASS   BANK27         

        CLASS   BANK26         

        CLASS   HEAP           

        CLASS   STACK          

        CLASS   EEDATA         



SEGMENTS        Name                           Load    Length   Top    Selector   Space  Class     Delta

                reset_vec                      000000  000003  000003         0       0  CODE        2
                text61                         000003  000001  000004         6       0  CODE        2
                intentry                       000004  0007FD  000801         8       0  CODE        2
                cstackBANK0                    000020  000050  000070        20       1  BANK0       1
                cstackCOMMON                   000070  00000E  00007E        70       1  COMMON      1
                cstackBANK1                    0000A0  000050  0000F0        A0       1  BANK1       1
                bssBANK2                       000120  000049  000169       120       1  BANK2       1
                clrtext                        000801  000006  000807      1002       0  CODE        2
                text39                         000807  000080  000887      100E       0  CODE        2
                text5                          000887  00008B  000912      110E       0  CODE        2
                text20                         000912  0000AB  0009BD      1224       0  CODE        2
                text23                         0009BD  000200  000BBD      137A       0  CODE        2
                text6                          000BBD  000208  000DC5      177A       0  CODE        2
                text3                          000DC5  00023B  001000      1B8A       0  CODE        2
                text89                         001205  000001  001206      240A       0  CODE        2
                text85                         001206  000001  001207      240C       0  CODE        2
                text80                         001207  000001  001208      240E       0  CODE        2
                text77                         001208  000001  001209      2410       0  CODE        2
                text74                         001209  000001  00120A      2412       0  CODE        2
                text71                         00120A  000001  00120B      2414       0  CODE        2
                text67                         00120B  000001  00120C      2416       0  CODE        2
                text55                         00120C  000003  00120F      2418       0  CODE        2
                text53                         00120F  000003  001212      241E       0  CODE        2
                text24                         001212  000003  001215      2424       0  CODE        2
                text18                         001215  000003  001218      242A       0  CODE        2
                text86                         001218  000004  00121C      2430       0  CODE        2
                text84                         00121C  000004  001220      2438       0  CODE        2
                text26                         001220  000004  001224      2440       0  CODE        2
                idataBANK2                     001224  000004  001228      2448       0  CODE        2
                text79                         001228  000009  001231      2450       0  CODE        2
                text73                         001231  000009  00123A      2462       0  CODE        2
                text56                         00123A  000009  001243      2474       0  CODE        2
                text54                         001243  000009  00124C      2486       0  CODE        2
                text52                         00124C  000009  001255      2498       0  CODE        2
                text50                         001255  000009  00125E      24AA       0  CODE        2
                text49                         00125E  000009  001267      24BC       0  CODE        2
                text48                         001267  000009  001270      24CE       0  CODE        2
                text47                         001270  000009  001279      24E0       0  CODE        2
                text46                         001279  000009  001282      24F2       0  CODE        2
                text43                         001282  000009  00128B      2504       0  CODE        2
                text42                         00128B  000009  001294      2516       0  CODE        2
                text41                         001294  000009  00129D      2528       0  CODE        2
                text40                         00129D  000009  0012A6      253A       0  CODE        2
                text30                         0012A6  000009  0012AF      254C       0  CODE        2
                text28                         0012AF  000009  0012B8      255E       0  CODE        2
                text19                         0012B8  000009  0012C1      2570       0  CODE        2
                text37                         0012C1  00000B  0012CC      2582       0  CODE        2
                text36                         0012CC  00000B  0012D7      2598       0  CODE        2
                text33                         0012D7  00000B  0012E2      25AE       0  CODE        2
                text44                         0012E2  00000C  0012EE      25C4       0  CODE        2
                text22                         0012EE  00000C  0012FA      25DC       0  CODE        2
                text65                         0012FA  00000D  001307      25F4       0  CODE        2
                text60                         001307  00000D  001314      260E       0  CODE        2
                text63                         001314  00000E  001322      2628       0  CODE        2
                text58                         001322  00000E  001330      2644       0  CODE        2
                text88                         001330  00000F  00133F      2660       0  CODE        2
                text78                         00133F  00000F  00134E      267E       0  CODE        2
                text75                         00134E  00000F  00135D      269C       0  CODE        2
                text72                         00135D  00000F  00136C      26BA       0  CODE        2
                text69                         00136C  00000F  00137B      26D8       0  CODE        2
                text31                         00137B  00000F  00138A      26F6       0  CODE        2
                text32                         00138A  000010  00139A      2714       0  CODE        2
                text64                         00139A  000011  0013AB      2734       0  CODE        2
                text59                         0013AB  000011  0013BC      2756       0  CODE        2
                text2                          0013BC  000012  0013CE      2778       0  CODE        2
                text51                         0013CE  000013  0013E1      279C       0  CODE        2
                text38                         0013E1  000016  0013F7      27C2       0  CODE        2
                text87                         0013F7  000019  001410      27EE       0  CODE        2
                text81                         001410  000019  001429      2820       0  CODE        2
                text34                         001429  000019  001442      2852       0  CODE        2
                text14                         001442  000019  00145B      2884       0  CODE        2
                text12                         00145B  000019  001474      28B6       0  CODE        2
                text10                         001474  000019  00148D      28E8       0  CODE        2
                text35                         00148D  00001B  0014A8      291A       0  CODE        2
                text29                         0014A8  00001B  0014C3      2950       0  CODE        2
                text27                         0014C3  00001D  0014E0      2986       0  CODE        2
                text76                         0014E0  00001F  0014FF      29C0       0  CODE        2
                text70                         0014FF  00001F  00151E      29FE       0  CODE        2
                text16                         00151E  000020  00153E      2A3C       0  CODE        2
                text68                         00153E  000021  00155F      2A7C       0  CODE        2
                text8                          00155F  000021  001580      2ABE       0  CODE        2
                text7                          001580  000021  0015A1      2B00       0  CODE        2
                text82                         0015A1  000022  0015C3      2B42       0  CODE        2
                text4                          0015C3  000024  0015E7      2B86       0  CODE        2
                text25                         0015E7  00002E  001615      2BCE       0  CODE        2
                text13                         001615  000038  00164D      2C2A       0  CODE        2
                text11                         00164D  000038  001685      2C9A       0  CODE        2
                text9                          001685  000038  0016BD      2D0A       0  CODE        2
                text83                         0016BD  00003D  0016FA      2D7A       0  CODE        2
                text45                         0016FA  000042  00173C      2DF4       0  CODE        2
                text17                         00173C  000060  00179C      2E78       0  CODE        2
                text15                         00179C  000064  001800      2F38       0  CODE        2
                stringtext1                    001800  000005  001805      3000       0  STRCODE     2


UNUSED ADDRESS RANGES

        Name                Unused          Largest block    Delta
        BANK10           00520-0056F              50           1
        BANK11           005A0-005EF              50           1
        BANK12           00620-0066F              50           1
        BANK13           006A0-006EF              50           1
        BANK14           00720-0076F              50           1
        BANK15           007A0-007EF              50           1
        BANK16           00820-0086F              50           1
        BANK17           008A0-008EF              50           1
        BANK18           00920-0096F              50           1
        BANK19           009A0-009EF              50           1
        BANK2            00169-0016F               7           1
        BANK20           00A20-00A6F              50           1
        BANK21           00AA0-00AEF              50           1
        BANK22           00B20-00B6F              50           1
        BANK23           00BA0-00BEF              50           1
        BANK24           00C20-00C6F              50           1
        BANK25           00CA0-00CBF              20           1
        BANK3            001A0-001EF              50           1
        BANK4            00220-0026F              50           1
        BANK5            002A0-002EF              50           1
        BANK6            00320-0036F              50           1
        BANK7            003A0-003EF              50           1
        BANK8            00420-0046F              50           1
        BANK9            004A0-004EF              50           1
        BIGRAM           02000-027EF             7F0           1
        CODE             01000-01204             205           2
                         01805-03FFF             800
        CONST            01000-01204             100           2
                         01805-03FFF             100
        ENTRY            01000-01204             100           2
                         01805-03FFF             100
        RAM              00169-0016F               7           1
                         001A0-001EF              50
                         00220-0026F              50
                         002A0-002EF              50
                         00320-0036F              50
                         003A0-003EF              50
                         00420-0046F              50
                         004A0-004EF              50
                         00520-0056F              50
                         005A0-005EF              50
                         00620-0066F              50
                         006A0-006EF              50
                         00720-0076F              50
                         007A0-007EF              50
                         00820-0086F              50
                         008A0-008EF              50
                         00920-0096F              50
                         009A0-009EF              50
                         00A20-00A6F              50
                         00AA0-00AEF              50
                         00B20-00B6F              50
                         00BA0-00BEF              50
                         00C20-00C6F              50
                         00CA0-00CBF              20
        SFR0             00000-0001F              20           1
        SFR1             00080-0009F              20           1
        SFR10            00500-0051F              20           1
        SFR11            00580-0059F              20           1
        SFR12            00600-0061F              20           1
        SFR13            00680-0069F              20           1
        SFR14            00700-0071F              20           1
        SFR15            00780-0079F              20           1
        SFR16            00800-0081F              20           1
        SFR17            00880-0089F              20           1
        SFR18            00900-0091F              20           1
        SFR19            00980-0099F              20           1
        SFR2             00100-0011F              20           1
        SFR20            00A00-00A1F              20           1
        SFR21            00A80-00A9F              20           1
        SFR22            00B00-00B1F              20           1
        SFR23            00B80-00B9F              20           1
        SFR24            00C00-00C1F              20           1
        SFR25            00C80-00C9F              20           1
        SFR26            00D00-00D6F              70           1
        SFR27            00D80-00DEF              70           1
        SFR28            00E00-00E6F              70           1
        SFR29            00E80-00EEF              70           1
        SFR3             00180-0019F              20           1
        SFR30            00F00-00F6F              70           1
        SFR31            00F80-00FEF              70           1
        SFR4             00200-0021F              20           1
        SFR5             00280-0029F              20           1
        SFR6             00300-0031F              20           1
        SFR7             00380-0039F              20           1
        SFR8             00400-0041F              20           1
        SFR9             00480-0049F              20           1
        STRCODE          01000-01204             205           2
                         01805-03FFF            27FB
        STRING           01000-01204             100           2
                         01805-03FFF             100

                                  Symbol Table

?_TMR1_ReadTimer                               cstackCOMMON 00070
?__Umul8_16                                    cstackBANK0  00020
?___awdiv                                      cstackBANK0  00020
?___fladd                                      cstackBANK0  00048
?___fldiv                                      cstackBANK0  00068
?___flmul                                      cstackBANK0  0002E
?___flneg                                      cstackBANK0  00020
?___fltol                                      cstackBANK0  0005C
?___wmul                                       cstackBANK0  00029
?___xxtofl                                     cstackBANK0  00020
?_nanf                                         cstackBANK0  00020
?_sqrtf                                        cstackBANK0  0005C
ADC_SetInterruptHandler@InterruptHandler       cstackBANK0  00020
EUSART_SetErrorHandler@interruptHandler        cstackBANK0  00020
EUSART_SetFramingErrorHandler@interruptHandler cstackBANK0  00020
EUSART_SetOverrunErrorHandler@interruptHandler cstackBANK0  00020
EUSART_SetRxInterruptHandler@interruptHandler  cstackBANK0  00020
EUSART_SetTxInterruptHandler@interruptHandler  cstackBANK0  00020
IOCBF0_SetInterruptHandler@InterruptHandler    cstackBANK0  00020
IOCBF1_SetInterruptHandler@InterruptHandler    cstackBANK0  00020
IOCCF2_SetInterruptHandler@InterruptHandler    cstackBANK0  00020
IOCCF3_SetInterruptHandler@InterruptHandler    cstackBANK0  00020
PWM11_DutyCycleSet@dutyCycleCount              cstackBANK0  00020
PWM3_LoadDutyValue@dutyValue                   cstackBANK0  00020
PWM4_LoadDutyValue@dutyValue                   cstackBANK0  00020
PWM5_DutyCycleSet@dutyCycleCount               cstackBANK0  00020
PWM6_DutyCycleSet@dutyCycleCount               cstackBANK0  00020
PWM9_LoadDutyValue@dutyValue                   cstackBANK0  00020
TMR1_ReadTimer@readVal                         cstackCOMMON 00077
TMR1_ReadTimer@readValHigh                     cstackCOMMON 00079
TMR1_ReadTimer@readValLow                      cstackCOMMON 0007A
TMR3_SetInterruptHandler@InterruptHandler      cstackBANK0  00020
TMR3_WriteTimer@timerVal                       cstackCOMMON 00070
TMR5_SetInterruptHandler@InterruptHandler      cstackBANK0  00020
TMR5_WriteTimer@timerVal                       cstackCOMMON 00070
_ADCACTPPS                                     (abs)        00E39
_ADCON0                                        (abs)        00490
_ADCON0bits                                    (abs)        00490
_ADCON1                                        (abs)        00491
_ADCON2                                        (abs)        00492
_ADC_DefaultInterruptHandler                   text89       01205
_ADC_ISR                                       text88       01330
_ADC_Initialize                                text51       013CE
_ADC_InterruptHandler                          bssBANK2     0015A
_ADC_SetInterruptHandler                       text52       0124C
_ADRESH                                        (abs)        0048F
_ADRESL                                        (abs)        0048E
_ANSELA                                        (abs)        0018C
_ANSELB                                        (abs)        0018D
_ANSELC                                        (abs)        0018E
_ANSELD                                        (abs)        0018F
_ANSELE                                        (abs)        00190
_BAUD1CON                                      (abs)        0019F
_BORCON                                        (abs)        0009D
_CCPTMRS2bits                                  (abs)        0029F
_CH1_Falling_interrupt                         text70       014FF
_CH1_Rising_interrupt                          text73       01231
_CH2_Falling_interrupt                         text76       014E0
_CH2_Rising_interrupt                          text79       01228
_EUSART_DefaultErrorHandler                    text86       01218
_EUSART_DefaultFramingErrorHandler             text85       01206
_EUSART_DefaultOverrunErrorHandler             text84       0121C
_EUSART_ErrorHandler                           bssBANK2     0014E
_EUSART_FramingErrorHandler                    bssBANK2     00152
_EUSART_Initialize                             text45       016FA
_EUSART_OverrunErrorHandler                    bssBANK2     00150
_EUSART_Receive_ISR                            text83       016BD
_EUSART_RxDataHandler                          text87       013F7
_EUSART_RxDefaultInterruptHandler              bssBANK2     00154
_EUSART_SetErrorHandler                        text50       01255
_EUSART_SetFramingErrorHandler                 text49       0125E
_EUSART_SetOverrunErrorHandler                 text48       01267
_EUSART_SetRxInterruptHandler                  text47       01270
_EUSART_SetTxInterruptHandler                  text46       01279
_EUSART_Transmit_ISR                           text82       015A1
_EUSART_TxDefaultInterruptHandler              bssBANK2     00156
_INLVLA                                        (abs)        0038C
_INLVLB                                        (abs)        0038D
_INLVLC                                        (abs)        0038E
_INLVLD                                        (abs)        0038F
_INTCONbits                                    (abs)        0000B
_INTERRUPT_InterruptManager                    intentry     00004
_IOCBF0_DefaultInterruptHandler                text80       01207
_IOCBF0_ISR                                    text78       0133F
_IOCBF0_InterruptHandler                       nvBANK2      00163
_IOCBF0_SetInterruptHandler                    text43       01282
_IOCBF1_DefaultInterruptHandler                text77       01208
_IOCBF1_ISR                                    text75       0134E
_IOCBF1_InterruptHandler                       nvBANK2      00161
_IOCBF1_SetInterruptHandler                    text42       0128B
_IOCBFbits                                     (abs)        00396
_IOCBNbits                                     (abs)        00395
_IOCBPbits                                     (abs)        00394
_IOCCF2_DefaultInterruptHandler                text74       01209
_IOCCF2_ISR                                    text72       0135D
_IOCCF2_InterruptHandler                       nvBANK2      0015F
_IOCCF2_SetInterruptHandler                    text41       01294
_IOCCF3_DefaultInterruptHandler                text71       0120A
_IOCCF3_ISR                                    text69       0136C
_IOCCF3_InterruptHandler                       nvBANK2      0015D
_IOCCF3_SetInterruptHandler                    text40       0129D
_IOCCFbits                                     (abs)        00399
_IOCCNbits                                     (abs)        00398
_IOCCPbits                                     (abs)        00397
_LATA                                          (abs)        0010C
_LATB                                          (abs)        0010D
_LATBbits                                      (abs)        0010D
_LATC                                          (abs)        0010E
_LATCbits                                      (abs)        0010E
_LATD                                          (abs)        0010F
_LATDbits                                      (abs)        0010F
_LATE                                          (abs)        00110
_ODCONA                                        (abs)        0028C
_ODCONB                                        (abs)        0028D
_ODCONC                                        (abs)        0028E
_ODCOND                                        (abs)        0028F
_ODCONE                                        (abs)        00290
_OPTION_REGbits                                (abs)        00097
_OSCCON                                        (abs)        0009B
_OSCILLATOR_Initialize                         text44       012E2
_OSCSTAT                                       (abs)        0009C
_OSCTUNE                                       (abs)        0009A
_PIE1bits                                      (abs)        00091
_PIE4bits                                      (abs)        00094
_PIN_MANAGER_IOC                               text68       0153E
_PIN_MANAGER_Initialize                        text39       00807
_PIR1bits                                      (abs)        00011
_PIR4bits                                      (abs)        00014
_PLLR                                          (abs)        004E6
_PORTAbits                                     (abs)        0000C
_PORTCbits                                     (abs)        0000E
_PR2                                           (abs)        00494
_PWM11CLKCON                                   (abs)        00DBE
_PWM11CON                                      (abs)        00DBB
_PWM11CONbits                                  (abs)        00DBB
_PWM11DCH                                      (abs)        00DB4
_PWM11DCL                                      (abs)        00DB3
_PWM11INTE                                     (abs)        00DBC
_PWM11INTF                                     (abs)        00DBD
_PWM11INTFbits                                 (abs)        00DBD
_PWM11LDCON                                    (abs)        00DBF
_PWM11LDCONbits                                (abs)        00DBF
_PWM11OFCON                                    (abs)        00DC0
_PWM11OFH                                      (abs)        00DB8
_PWM11OFL                                      (abs)        00DB7
_PWM11PHH                                      (abs)        00DB2
_PWM11PHL                                      (abs)        00DB1
_PWM11PRH                                      (abs)        00DB6
_PWM11PRL                                      (abs)        00DB5
_PWM11TMRH                                     (abs)        00DBA
_PWM11TMRL                                     (abs)        00DB9
_PWM11_DutyCycleSet                            text19       012B8
_PWM11_Initialize                              text38       013E1
_PWM11_LoadBufferSet                           text18       01215
_PWM3CON                                       (abs)        00616
_PWM3DCH                                       (abs)        00615
_PWM3DCL                                       (abs)        00614
_PWM3_Initialize                               text37       012C1
_PWM3_LoadDutyValue                            text12       0145B
_PWM4CON                                       (abs)        00619
_PWM4DCH                                       (abs)        00618
_PWM4DCL                                       (abs)        00617
_PWM4_Initialize                               text36       012CC
_PWM4_LoadDutyValue                            text14       01442
_PWM5CLKCON                                    (abs)        00D9E
_PWM5CON                                       (abs)        00D9B
_PWM5CONbits                                   (abs)        00D9B
_PWM5DCH                                       (abs)        00D94
_PWM5DCL                                       (abs)        00D93
_PWM5INTE                                      (abs)        00D9C
_PWM5INTF                                      (abs)        00D9D
_PWM5INTFbits                                  (abs)        00D9D
_PWM5LDCON                                     (abs)        00D9F
_PWM5LDCONbits                                 (abs)        00D9F
_PWM5OFCON                                     (abs)        00DA0
_PWM5OFH                                       (abs)        00D98
_PWM5OFL                                       (abs)        00D97
_PWM5PHH                                       (abs)        00D92
_PWM5PHL                                       (abs)        00D91
_PWM5PRH                                       (abs)        00D96
_PWM5PRL                                       (abs)        00D95
_PWM5TMRH                                      (abs)        00D9A
_PWM5TMRL                                      (abs)        00D99
_PWM5_DutyCycleSet                             text56       0123A
_PWM5_Initialize                               text35       0148D
_PWM5_LoadBufferSet                            text55       0120C
_PWM6CLKCON                                    (abs)        00DAE
_PWM6CON                                       (abs)        00DAB
_PWM6CONbits                                   (abs)        00DAB
_PWM6DCH                                       (abs)        00DA4
_PWM6DCL                                       (abs)        00DA3
_PWM6INTE                                      (abs)        00DAC
_PWM6INTF                                      (abs)        00DAD
_PWM6INTFbits                                  (abs)        00DAD
_PWM6LDCON                                     (abs)        00DAF
_PWM6LDCONbits                                 (abs)        00DAF
_PWM6OFCON                                     (abs)        00DB0
_PWM6OFH                                       (abs)        00DA8
_PWM6OFL                                       (abs)        00DA7
_PWM6PHH                                       (abs)        00DA2
_PWM6PHL                                       (abs)        00DA1
_PWM6PRH                                       (abs)        00DA6
_PWM6PRL                                       (abs)        00DA5
_PWM6TMRH                                      (abs)        00DAA
_PWM6TMRL                                      (abs)        00DA9
_PWM6_DutyCycleSet                             text54       01243
_PWM6_Initialize                               text34       01429
_PWM6_LoadBufferSet                            text53       0120F
_PWM9CON                                       (abs)        0061C
_PWM9DCH                                       (abs)        0061B
_PWM9DCL                                       (abs)        0061A
_PWM9_Initialize                               text33       012D7
_PWM9_LoadDutyValue                            text10       01474
_RA4PPS                                        (abs)        00E94
_RA5PPS                                        (abs)        00E95
_RB4PPS                                        (abs)        00E9C
_RC1REG                                        (abs)        00199
_RC1STA                                        (abs)        0019D
_RC1STAbits                                    (abs)        0019D
_RD1PPS                                        (abs)        00EA9
_RD2PPS                                        (abs)        00EAA
_RD3PPS                                        (abs)        00EAB
_RD5PPS                                        (abs)        00EAD
_RXPPS                                         (abs)        00E3D
_SLRCONA                                       (abs)        0030C
_SLRCONB                                       (abs)        0030D
_SLRCONC                                       (abs)        0030E
_SLRCOND                                       (abs)        0030F
_SLRCONE                                       (abs)        00310
_SP1BRGH                                       (abs)        0019C
_SP1BRGL                                       (abs)        0019B
_SYSTEM_Initialize                             text25       015E7
_T1CON                                         (abs)        0001A
_T1CONbits                                     (abs)        0001A
_T1GCON                                        (abs)        0001B
_T1GCONbits                                    (abs)        0001B
_T2CLKCON                                      (abs)        00497
_T2CON                                         (abs)        00495
_T2CONbits                                     (abs)        00495
_T2HLT                                         (abs)        00496
_T2HLTbits                                     (abs)        00496
_T2PR                                          (abs)        00494
_T2RST                                         (abs)        00498
_T2RSTbits                                     (abs)        00498
_T2TMR                                         (abs)        00493
_T3CON                                         (abs)        0001E
_T3CONbits                                     (abs)        0001E
_T3GCON                                        (abs)        0001F
_T3GCONbits                                    (abs)        0001F
_T5CON                                         (abs)        00411
_T5CONbits                                     (abs)        00411
_T5GCON                                        (abs)        00412
_T5GCONbits                                    (abs)        00412
_TMR1H                                         (abs)        00019
_TMR1L                                         (abs)        00018
_TMR1_Initialize                               text32       0138A
_TMR1_ReadTimer                                text81       01410
_TMR1_StartTimer                               text24       01212
_TMR2                                          (abs)        00493
_TMR2_Initialize                               text31       0137B
_TMR3H                                         (abs)        0001D
_TMR3L                                         (abs)        0001C
_TMR3_CallBack                                 text65       012FA
_TMR3_DefaultInterruptHandler                  text66       00800
_TMR3_ISR                                      text63       01314
_TMR3_Initialize                               text29       014A8
_TMR3_InterruptHandler                         bssBANK2     0013A
_TMR3_SetInterruptHandler                      text30       012A6
_TMR3_WriteTimer                               text64       0139A
_TMR3_interrupt                                text67       0120B
_TMR5H                                         (abs)        00410
_TMR5L                                         (abs)        0040F
_TMR5_CallBack                                 text60       01307
_TMR5_DefaultInterruptHandler                  text61       00003
_TMR5_ISR                                      text58       01322
_TMR5_Initialize                               text27       014C3
_TMR5_InterruptHandler                         bssBANK2     0013C
_TMR5_SetInterruptHandler                      text28       012AF
_TMR5_WriteTimer                               text59       013AB
_TMR5_interrupt                                text62       00002
_TRISA                                         (abs)        0008C
_TRISB                                         (abs)        0008D
_TRISC                                         (abs)        0008E
_TRISD                                         (abs)        0008F
_TRISE                                         (abs)        00090
_TX1REG                                        (abs)        0019A
_TX1STA                                        (abs)        0019E
_TX1STAbits                                    (abs)        0019E
_WDTCON                                        (abs)        00099
_WDT_Initialize                                text26       01220
_WPUA                                          (abs)        0020C
_WPUB                                          (abs)        0020D
_WPUC                                          (abs)        0020E
_WPUD                                          (abs)        0020F
_WPUE                                          (abs)        00210
__Habs1                                        abs1         00000
__Hbank0                                       bank0        00000
__Hbank1                                       bank1        00000
__Hbank10                                      bank10       00000
__Hbank11                                      bank11       00000
__Hbank12                                      bank12       00000
__Hbank13                                      bank13       00000
__Hbank14                                      bank14       00000
__Hbank15                                      bank15       00000
__Hbank16                                      bank16       00000
__Hbank17                                      bank17       00000
__Hbank18                                      bank18       00000
__Hbank19                                      bank19       00000
__Hbank2                                       bank2        00000
__Hbank20                                      bank20       00000
__Hbank21                                      bank21       00000
__Hbank22                                      bank22       00000
__Hbank23                                      bank23       00000
__Hbank24                                      bank24       00000
__Hbank25                                      bank25       00000
__Hbank26                                      bank26       00000
__Hbank27                                      bank27       00000
__Hbank28                                      bank28       00000
__Hbank29                                      bank29       00000
__Hbank3                                       bank3        00000
__Hbank30                                      bank30       00000
__Hbank31                                      bank31       00000
__Hbank4                                       bank4        00000
__Hbank5                                       bank5        00000
__Hbank6                                       bank6        00000
__Hbank7                                       bank7        00000
__Hbank8                                       bank8        00000
__Hbank9                                       bank9        00000
__Hbigram                                      bigram       00000
__HbssBANK1                                    bssBANK1     00000
__HbssBANK2                                    bssBANK2     00000
__HbssCOMMON                                   bssCOMMON    00000
__Hcinit                                       cinit        0008D
__Hclrtext                                     clrtext      00000
__Hcode                                        code         00000
__Hcommon                                      common       00000
__Hconfig                                      config       08009
__HcstackBANK0                                 cstackBANK0  00000
__HcstackBANK1                                 cstackBANK1  00000
__HcstackCOMMON                                cstackCOMMON 00000
__HdataBANK2                                   dataBANK2    00000
__Heeprom_data                                 eeprom_data  00000
__Hend_init                                    end_init     00066
__Hfunctab                                     functab      00000
__Hheap                                        heap         00000
__HidataBANK2                                  idataBANK2   00000
__Hidloc                                       idloc        08004
__Hinit                                        init         00064
__Hintentry                                    intentry     00064
__Hmaintext                                    maintext     00000
__HnvBANK2                                     nvBANK2      00000
__Hpowerup                                     powerup      00000
__Hram                                         ram          00000
__Hreset_vec                                   reset_vec    00002
__Hsfr0                                        sfr0         00000
__Hsfr1                                        sfr1         00000
__Hsfr10                                       sfr10        00000
__Hsfr11                                       sfr11        00000
__Hsfr12                                       sfr12        00000
__Hsfr13                                       sfr13        00000
__Hsfr14                                       sfr14        00000
__Hsfr15                                       sfr15        00000
__Hsfr16                                       sfr16        00000
__Hsfr17                                       sfr17        00000
__Hsfr18                                       sfr18        00000
__Hsfr19                                       sfr19        00000
__Hsfr2                                        sfr2         00000
__Hsfr20                                       sfr20        00000
__Hsfr21                                       sfr21        00000
__Hsfr22                                       sfr22        00000
__Hsfr23                                       sfr23        00000
__Hsfr24                                       sfr24        00000
__Hsfr25                                       sfr25        00000
__Hsfr26                                       sfr26        00000
__Hsfr27                                       sfr27        00000
__Hsfr28                                       sfr28        00000
__Hsfr29                                       sfr29        00000
__Hsfr3                                        sfr3         00000
__Hsfr30                                       sfr30        00000
__Hsfr31                                       sfr31        00000
__Hsfr4                                        sfr4         00000
__Hsfr5                                        sfr5         00000
__Hsfr6                                        sfr6         00000
__Hsfr7                                        sfr7         00000
__Hsfr8                                        sfr8         00000
__Hsfr9                                        sfr9         00000
__Hspace_0                                     (abs)        01805
__Hspace_1                                     (abs)        00169
__Hspace_2                                     (abs)        00000
__Hspace_3                                     (abs)        00000
__Hspace_4                                     (abs)        10010
__Hstack                                       stack        00000
__Hstrings                                     strings      00000
__Hstringtext1                                 stringtext1  00000
__Hstringtext2                                 stringtext2  00000
__Hstringtext3                                 stringtext3  00000
__Htext                                        text         00000
__Labs1                                        abs1         00000
__Lbank0                                       bank0        00000
__Lbank1                                       bank1        00000
__Lbank10                                      bank10       00000
__Lbank11                                      bank11       00000
__Lbank12                                      bank12       00000
__Lbank13                                      bank13       00000
__Lbank14                                      bank14       00000
__Lbank15                                      bank15       00000
__Lbank16                                      bank16       00000
__Lbank17                                      bank17       00000
__Lbank18                                      bank18       00000
__Lbank19                                      bank19       00000
__Lbank2                                       bank2        00000
__Lbank20                                      bank20       00000
__Lbank21                                      bank21       00000
__Lbank22                                      bank22       00000
__Lbank23                                      bank23       00000
__Lbank24                                      bank24       00000
__Lbank25                                      bank25       00000
__Lbank26                                      bank26       00000
__Lbank27                                      bank27       00000
__Lbank28                                      bank28       00000
__Lbank29                                      bank29       00000
__Lbank3                                       bank3        00000
__Lbank30                                      bank30       00000
__Lbank31                                      bank31       00000
__Lbank4                                       bank4        00000
__Lbank5                                       bank5        00000
__Lbank6                                       bank6        00000
__Lbank7                                       bank7        00000
__Lbank8                                       bank8        00000
__Lbank9                                       bank9        00000
__Lbigram                                      bigram       00000
__LbssBANK1                                    bssBANK1     00000
__LbssBANK2                                    bssBANK2     00000
__LbssCOMMON                                   bssCOMMON    00000
__Lcinit                                       cinit        00066
__Lclrtext                                     clrtext      00000
__Lcode                                        code         00000
__Lcommon                                      common       00000
__Lconfig                                      config       00000
__LcstackBANK0                                 cstackBANK0  00000
__LcstackBANK1                                 cstackBANK1  00000
__LcstackCOMMON                                cstackCOMMON 00000
__LdataBANK2                                   dataBANK2    00000
__Leeprom_data                                 eeprom_data  00000
__Lend_init                                    end_init     00064
__Lfunctab                                     functab      00000
__Lheap                                        heap         00000
__LidataBANK2                                  idataBANK2   00000
__Lidloc                                       idloc        00000
__Linit                                        init         00064
__Lintentry                                    intentry     00004
__Lmaintext                                    maintext     00000
__LnvBANK2                                     nvBANK2      00000
__Lpowerup                                     powerup      00000
__Lram                                         ram          00000
__Lreset_vec                                   reset_vec    00000
__Lsfr0                                        sfr0         00000
__Lsfr1                                        sfr1         00000
__Lsfr10                                       sfr10        00000
__Lsfr11                                       sfr11        00000
__Lsfr12                                       sfr12        00000
__Lsfr13                                       sfr13        00000
__Lsfr14                                       sfr14        00000
__Lsfr15                                       sfr15        00000
__Lsfr16                                       sfr16        00000
__Lsfr17                                       sfr17        00000
__Lsfr18                                       sfr18        00000
__Lsfr19                                       sfr19        00000
__Lsfr2                                        sfr2         00000
__Lsfr20                                       sfr20        00000
__Lsfr21                                       sfr21        00000
__Lsfr22                                       sfr22        00000
__Lsfr23                                       sfr23        00000
__Lsfr24                                       sfr24        00000
__Lsfr25                                       sfr25        00000
__Lsfr26                                       sfr26        00000
__Lsfr27                                       sfr27        00000
__Lsfr28                                       sfr28        00000
__Lsfr29                                       sfr29        00000
__Lsfr3                                        sfr3         00000
__Lsfr30                                       sfr30        00000
__Lsfr31                                       sfr31        00000
__Lsfr4                                        sfr4         00000
__Lsfr5                                        sfr5         00000
__Lsfr6                                        sfr6         00000
__Lsfr7                                        sfr7         00000
__Lsfr8                                        sfr8         00000
__Lsfr9                                        sfr9         00000
__Lspace_0                                     (abs)        00000
__Lspace_1                                     (abs)        00000
__Lspace_2                                     (abs)        00000
__Lspace_3                                     (abs)        00000
__Lspace_4                                     (abs)        00000
__Lstack                                       stack        00000
__Lstrings                                     strings      00000
__Lstringtext1                                 stringtext1  00000
__Lstringtext2                                 stringtext2  00000
__Lstringtext3                                 stringtext3  00000
__Ltext                                        text         00000
__S0                                           (abs)        01805
__S1                                           (abs)        00169
__Umul8_16                                     text4        015C3
__Umul8_16@multiplicand                        cstackBANK0  00020
__Umul8_16@multiplier                          cstackBANK0  00028
__Umul8_16@product                             cstackBANK0  00024
__Umul8_16@word_mpld                           cstackBANK0  00026
___awdiv                                       text17       0173C
___awdiv@counter                               cstackBANK0  00025
___awdiv@dividend                              cstackBANK0  00022
___awdiv@divisor                               cstackBANK0  00020
___awdiv@quotient                              cstackBANK0  00027
___awdiv@sign                                  cstackBANK0  00026
___fladd                                       text6        00BBD
___fladd@a                                     cstackBANK0  0004C
___fladd@aexp                                  cstackBANK0  00059
___fladd@b                                     cstackBANK0  00048
___fladd@bexp                                  cstackBANK0  0005A
___fladd@grs                                   cstackBANK0  0005B
___fladd@signs                                 cstackBANK0  00058
___fldiv                                       text23       009BD
___fldiv@a                                     cstackBANK0  00068
___fldiv@aexp                                  cstackBANK1  000D5
___fldiv@b                                     cstackBANK0  0006C
___fldiv@bexp                                  cstackBANK1  000D4
___fldiv@grs                                   cstackBANK1  000D0
___fldiv@new_exp                               cstackBANK1  000CE
___fldiv@rem                                   cstackBANK1  000C9
___fldiv@sign                                  cstackBANK1  000CD
___flge                                        text5        00887
___flge@ff1                                    cstackBANK0  00020
___flge@ff2                                    cstackBANK0  00024
___flmul                                       text3        00DC5
___flmul@a                                     cstackBANK0  00032
___flmul@aexp                                  cstackBANK0  00040
___flmul@b                                     cstackBANK0  0002E
___flmul@bexp                                  cstackBANK0  00041
___flmul@grs                                   cstackBANK0  0003C
___flmul@prod                                  cstackBANK0  00042
___flmul@sign                                  cstackBANK0  0003B
___flmul@temp                                  cstackBANK0  00046
___flneg                                       text22       012EE
___flneg@f1                                    cstackBANK0  00020
___fltol                                       text21       0078F
___fltol@exp1                                  cstackBANK0  00065
___fltol@f1                                    cstackBANK0  0005C
___fltol@sign1                                 cstackBANK0  00064
___heap_hi                                     (abs)        00000
___heap_lo                                     (abs)        00000
___int_sp                                      stack        00000
___latbits                                     (abs)        00003
___sp                                          stack        00000
___stackhi                                     (abs)        00000
___stacklo                                     (abs)        00000
___wmul                                        text16       0151E
___wmul@multiplicand                           cstackBANK0  0002B
___wmul@multiplier                             cstackBANK0  00029
___wmul@product                                cstackBANK0  0002D
___xxtofl                                      text20       00912
___xxtofl@arg                                  cstackBANK0  0002A
___xxtofl@exp                                  cstackBANK0  00029
___xxtofl@sign                                 cstackBANK0  00028
___xxtofl@val                                  cstackBANK0  00020
__end_of_ADC_DefaultInterruptHandler           text89       01206
__end_of_ADC_ISR                               text88       0133F
__end_of_ADC_Initialize                        text51       013E1
__end_of_ADC_SetInterruptHandler               text52       01255
__end_of_CH1_Falling_interrupt                 text70       0151E
__end_of_CH1_Rising_interrupt                  text73       0123A
__end_of_CH2_Falling_interrupt                 text76       014FF
__end_of_CH2_Rising_interrupt                  text79       01231
__end_of_EUSART_DefaultErrorHandler            text86       0121C
__end_of_EUSART_DefaultFramingErrorHandler     text85       01207
__end_of_EUSART_DefaultOverrunErrorHandler     text84       01220
__end_of_EUSART_Initialize                     text45       0173C
__end_of_EUSART_Receive_ISR                    text83       016FA
__end_of_EUSART_RxDataHandler                  text87       01410
__end_of_EUSART_SetErrorHandler                text50       0125E
__end_of_EUSART_SetFramingErrorHandler         text49       01267
__end_of_EUSART_SetOverrunErrorHandler         text48       01270
__end_of_EUSART_SetRxInterruptHandler          text47       01279
__end_of_EUSART_SetTxInterruptHandler          text46       01282
__end_of_EUSART_Transmit_ISR                   text82       015C3
__end_of_INTERRUPT_InterruptManager            intentry     00064
__end_of_IOCBF0_DefaultInterruptHandler        text80       01208
__end_of_IOCBF0_ISR                            text78       0134E
__end_of_IOCBF0_SetInterruptHandler            text43       0128B
__end_of_IOCBF1_DefaultInterruptHandler        text77       01209
__end_of_IOCBF1_ISR                            text75       0135D
__end_of_IOCBF1_SetInterruptHandler            text42       01294
__end_of_IOCCF2_DefaultInterruptHandler        text74       0120A
__end_of_IOCCF2_ISR                            text72       0136C
__end_of_IOCCF2_SetInterruptHandler            text41       0129D
__end_of_IOCCF3_DefaultInterruptHandler        text71       0120B
__end_of_IOCCF3_ISR                            text69       0137B
__end_of_IOCCF3_SetInterruptHandler            text40       012A6
__end_of_OSCILLATOR_Initialize                 text44       012EE
__end_of_PIN_MANAGER_IOC                       text68       0155F
__end_of_PIN_MANAGER_Initialize                text39       00887
__end_of_PWM11_DutyCycleSet                    text19       012C1
__end_of_PWM11_Initialize                      text38       013F7
__end_of_PWM11_LoadBufferSet                   text18       01218
__end_of_PWM3_Initialize                       text37       012CC
__end_of_PWM3_LoadDutyValue                    text12       01474
[...]
__end_of_l_turn                                text8        01580
__end_of_m1_on                                 text15       01800
__end_of_m2_on                                 text13       0164D
__end_of_m3_on                                 text11       01685
__end_of_m4_on                                 text9        016BD
__end_of_main                                  maintext     0047B
__end_of_nanf                                  text2        013CE
__end_of_r_turn                                text7        015A1
__end_of_sqrtf                                 text1        0078F
__end_of_tiny                                  stringtext1  01804
__initialization                               cinit        00066
__pbssBANK1                                    bssBANK1     000E8
__pbssBANK2                                    bssBANK2     00120
__pbssCOMMON                                   bssCOMMON    0007C
__pcstackBANK0                                 cstackBANK0  00020
__pcstackBANK1                                 cstackBANK1  000A0
__pcstackCOMMON                                cstackCOMMON 00070
__pdataBANK2                                   dataBANK2    00165
__pidataBANK2                                  idataBANK2   01224
__pintentry                                    intentry     00004
__pmaintext                                    maintext     0008D
__pnvBANK2                                     nvBANK2      0015D
__pstringtext1                                 stringtext1  01800
__pstringtext2                                 stringtext2  01804
__pstringtext3                                 stringtext3  00000
__ptext1                                       text1        0047B
__ptext10                                      text10       01474
__ptext11                                      text11       0164D
__ptext12                                      text12       0145B
__ptext13                                      text13       01615
__ptext14                                      text14       01442
__ptext15                                      text15       0179C
__ptext16                                      text16       0151E
__ptext17                                      text17       0173C
__ptext18                                      text18       01215
__ptext19                                      text19       012B8
__ptext2                                       text2        013BC
__ptext20                                      text20       00912
__ptext21                                      text21       0078F
__ptext22                                      text22       012EE
__ptext23                                      text23       009BD
__ptext24                                      text24       01212
__ptext25                                      text25       015E7
__ptext26                                      text26       01220
__ptext27                                      text27       014C3
__ptext28                                      text28       012AF
__ptext29                                      text29       014A8
__ptext3                                       text3        00DC5
__ptext30                                      text30       012A6
__ptext31                                      text31       0137B
__ptext32                                      text32       0138A
__ptext33                                      text33       012D7
__ptext34                                      text34       01429
__ptext35                                      text35       0148D
__ptext36                                      text36       012CC
__ptext37                                      text37       012C1
__ptext38                                      text38       013E1
__ptext39                                      text39       00807
__ptext4                                       text4        015C3
__ptext40                                      text40       0129D
__ptext41                                      text41       01294
__ptext42                                      text42       0128B
__ptext43                                      text43       01282
__ptext44                                      text44       012E2
__ptext45                                      text45       016FA
__ptext46                                      text46       01279
__ptext47                                      text47       01270
__ptext48                                      text48       01267
__ptext49                                      text49       0125E
__ptext5                                       text5        00887
__ptext50                                      text50       01255
__ptext51                                      text51       013CE
__ptext52                                      text52       0124C
__ptext53                                      text53       0120F
__ptext54                                      text54       01243
__ptext55                                      text55       0120C
__ptext56                                      text56       0123A
__ptext58                                      text58       01322
__ptext59                                      text59       013AB
__ptext6                                       text6        00BBD
__ptext60                                      text60       01307
__ptext61                                      text61       00003
__ptext62                                      text62       00002
__ptext63                                      text63       01314
__ptext64                                      text64       0139A
__ptext65                                      text65       012FA
__ptext66                                      text66       00800
__ptext67                                      text67       0120B
__ptext68                                      text68       0153E
__ptext69                                      text69       0136C
__ptext7                                       text7        01580
__ptext70                                      text70       014FF
__ptext71                                      text71       0120A
__ptext72                                      text72       0135D
__ptext73                                      text73       01231
__ptext74                                      text74       01209
__ptext75                                      text75       0134E
__ptext76                                      text76       014E0
__ptext77                                      text77       01208
__ptext78                                      text78       0133F
__ptext79                                      text79       01228
__ptext8                                       text8        0155F
__ptext80                                      text80       01207
__ptext81                                      text81       01410
__ptext82                                      text82       015A1
__ptext83                                      text83       016BD
__ptext84                                      text84       0121C
__ptext85                                      text85       01206
__ptext86                                      text86       01218
__ptext87                                      text87       013F7
__ptext88                                      text88       01330
__ptext89                                      text89       01205
__ptext9                                       text9        01685
_errno                                         bssBANK2     00138
_eusartRxBuffer                                bssBANK2     00128
_eusartRxCount                                 bssBANK1     000EC
_eusartRxHead                                  bssCOMMON    0007D
_eusartRxLastError                             bssBANK2     0015C
_eusartRxStatusBuffer                          bssBANK2     00120
_eusartRxTail                                  bssCOMMON    0007C
_eusartTxBuffer                                bssBANK2     00130
_eusartTxBufferRemaining                       bssBANK1     000ED
_eusartTxHead                                  bssBANK1     000EF
_eusartTxTail                                  bssBANK1     000EE
_g_ch1_falling_value                           bssBANK2     0014A
_g_ch1_pulse_width                             bssBANK2     00148
_g_ch1_rising_value                            bssBANK2     0014C
_g_ch2_falling_value                           bssBANK2     00144
_g_ch2_pulse_width                             bssBANK2     00142
_g_ch2_rising_value                            bssBANK2     00146
_l_turn                                        text8        0155F
_lservo_duty                                   dataBANK2    00167
_m1_on                                         text15       0179C
_m2_on                                         text13       01615
_m3_on                                         text11       0164D
_m4_on                                         text9        01685
_main                                          maintext     0008D
_mservo_duty                                   dataBANK2    00165
_nanf                                          text2        013BC
_r_turn                                        text7        01580
_sqrtf                                         text1        0047B
_timer1ReloadVal                               bssBANK2     00158
_timer3ReloadVal                               bssBANK1     000E8
_timer5ReloadVal                               bssBANK1     000EA
btemp                                          (abs)        0007E
clear_ram0                                     clrtext      00801
end_of_initialization                          cinit        00089
int$flags                                      (abs)        0007E
intlevel0                                      functab      00000
intlevel1                                      functab      00000
intlevel2                                      functab      00000
intlevel3                                      functab      00000
intlevel4                                      functab      00000
intlevel5                                      functab      00000
m1_on@duty                                     cstackBANK0  0002F
m2_on@duty                                     cstackBANK0  0002F
m3_on@duty                                     cstackBANK0  0002F
m4_on@duty                                     cstackBANK0  0002F
main@X                                         cstackBANK1  000E4
main@Y                                         cstackBANK1  000E6
main@r2                                        cstackBANK1  000E0
main@x                                         cstackBANK1  000D8
main@x_duty                                    cstackBANK1  000DC
main@y                                         cstackBANK1  000DA
main@y_duty                                    cstackBANK1  000DE
nanf@s                                         cstackBANK0  00020
nanf@u                                         cstackBANK0  00024
reset_vec                                      reset_vec    00000
sqrtf@__xc8_float_word                         cstackBANK1  000A8
sqrtf@i                                        cstackBANK1  000A4
sqrtf@ix                                       cstackBANK1  000C0
sqrtf@m                                        cstackBANK1  000B8
sqrtf@q                                        cstackBANK1  000AC
sqrtf@r                                        cstackBANK1  000BC
sqrtf@s                                        cstackBANK1  000A0
sqrtf@t                                        cstackBANK1  000B0
sqrtf@x                                        cstackBANK0  0005C
sqrtf@z                                        cstackBANK1  000B4
start                                          init         00064
start_initialization                           cinit        00066
wtemp0                                         (abs)        0007E


MODULE INFORMATION

Module		Function		Class		Link	Load	Size
mcc_generated_files/pwm6.c
		_PWM6_LoadBufferSet		CODE           	120F	0000	3
		_PWM6_DutyCycleSet		CODE           	1243	0000	9
		_PWM6_Initialize		CODE           	1429	0000	25

mcc_generated_files/pwm6.c estimated size: 37

mcc_generated_files/pwm4.c
		_PWM4_Initialize		CODE           	12CC	0000	11
		_PWM4_LoadDutyValue		CODE           	1442	0000	25

mcc_generated_files/pwm4.c estimated size: 36

D:\Program Files\Microchip\xc8\v2.40\pic\sources\c99\common\sprcmul.c
		___flmul       		CODE           	0DC5	0000	571

D:\Program Files\Microchip\xc8\v2.40\pic\sources\c99\common\sprcmul.c estimated size: 571

mcc_generated_files/tmr2.c
		_TMR2_Initialize		CODE           	137B	0000	15

mcc_generated_files/tmr2.c estimated size: 15

mcc_generated_files/interrupt_manager.c
		_INTERRUPT_InterruptManager		CODE           	0004	0000	96

mcc_generated_files/interrupt_manager.c estimated size: 96

D:\Program Files\Microchip\xc8\v2.40\pic\sources\c99\common\xxtofl.c
		___xxtofl      		CODE           	0912	0000	171

D:\Program Files\Microchip\xc8\v2.40\pic\sources\c99\common\xxtofl.c estimated size: 171

D:\Program Files\Microchip\xc8\v2.40\pic\sources\c99\common\sprcdiv.c
		___fldiv       		CODE           	09BD	0000	512

D:\Program Files\Microchip\xc8\v2.40\pic\sources\c99\common\sprcdiv.c estimated size: 512

D:\Program Files\Microchip\xc8\v2.40\pic\sources\c99\common\sqrtf.c
		_sqrtf         		CODE           	047B	0000	788

D:\Program Files\Microchip\xc8\v2.40\pic\sources\c99\common\sqrtf.c estimated size: 788

mcc_generated_files/pwm11.c
		_PWM11_DutyCycleSet		CODE           	12B8	0000	9
		_PWM11_Initialize		CODE           	13E1	0000	22
		_PWM11_LoadBufferSet		CODE           	1215	0000	3

mcc_generated_files/pwm11.c estimated size: 34

D:\Program Files\Microchip\xc8\v2.40\pic\sources\c99\common\awdiv.c
		___awdiv       		CODE           	173C	0000	96

D:\Program Files\Microchip\xc8\v2.40\pic\sources\c99\common\awdiv.c estimated size: 96

mcc_generated_files/pin_manager.c
		_IOCBF0_ISR    		CODE           	133F	0000	15
		_PIN_MANAGER_Initialize		CODE           	0807	0000	128
		_IOCCF3_DefaultInterruptHandler		CODE           	120A	0000	1
		_IOCCF3_ISR    		CODE           	136C	0000	15
		_IOCCF2_SetInterruptHandler		CODE           	1294	0000	9
		_IOCBF1_DefaultInterruptHandler		CODE           	1208	0000	1
		_IOCBF1_ISR    		CODE           	134E	0000	15
		_IOCBF0_SetInterruptHandler		CODE           	1282	0000	9
		_IOCCF3_SetInterruptHandler		CODE           	129D	0000	9
		_PIN_MANAGER_IOC		CODE           	153E	0000	33
		_IOCBF1_SetInterruptHandler		CODE           	128B	0000	9
		_IOCCF2_DefaultInterruptHandler		CODE           	1209	0000	1
		_IOCCF2_ISR    		CODE           	135D	0000	15
		_IOCBF0_DefaultInterruptHandler		CODE           	1207	0000	1

mcc_generated_files/pin_manager.c estimated size: 261

D:\Program Files\Microchip\xc8\v2.40\pic\sources\c99\common\fltol.c
		___fltol       		CODE           	078F	0000	113

D:\Program Files\Microchip\xc8\v2.40\pic\sources\c99\common\fltol.c estimated size: 113

D:\Program Files\Microchip\xc8\v2.40\pic\sources\c99\common\flge.c
		___flge        		CODE           	0887	0000	139

D:\Program Files\Microchip\xc8\v2.40\pic\sources\c99\common\flge.c estimated size: 139

mcc_generated_files/adc.c
		_ADC_DefaultInterruptHandler		CODE           	1205	0000	1
		_ADC_Initialize		CODE           	13CE	0000	19
		_ADC_SetInterruptHandler		CODE           	124C	0000	9
		_ADC_ISR       		CODE           	1330	0000	15

mcc_generated_files/adc.c estimated size: 44

D:\Program Files\Microchip\xc8\v2.40\pic\sources\c99\common\Umul8_16.c
		__Umul8_16     		CODE           	15C3	0000	36

D:\Program Files\Microchip\xc8\v2.40\pic\sources\c99\common\Umul8_16.c estimated size: 36

mcc_generated_files/pwm9.c
		_PWM9_LoadDutyValue		CODE           	1474	0000	25
		_PWM9_Initialize		CODE           	12D7	0000	11

mcc_generated_files/pwm9.c estimated size: 36

D:\Program Files\Microchip\xc8\v2.40\pic\sources\c99\common\sprcadd.c
		___fladd       		CODE           	0BBD	0000	520

D:\Program Files\Microchip\xc8\v2.40\pic\sources\c99\common\sprcadd.c estimated size: 520

mcc_generated_files/tmr5.c
		_TMR5_ISR      		CODE           	1322	0000	14
		_TMR5_Initialize		CODE           	14C3	0000	29
		_TMR5_SetInterruptHandler		CODE           	12AF	0000	9
		_TMR5_DefaultInterruptHandler		CODE           	0003	0000	1
		_TMR5_CallBack 		CODE           	1307	0000	13
		_TMR5_WriteTimer		CODE           	13AB	0000	17

mcc_generated_files/tmr5.c estimated size: 83

shared
		__initialization		CODE           	0066	0000	35
		_tiny          		STRCODE        	0000	0000	0

shared estimated size: 35

mcc_generated_files/pwm5.c
		_PWM5_LoadBufferSet		CODE           	120C	0000	3
		_PWM5_DutyCycleSet		CODE           	123A	0000	9
		_PWM5_Initialize		CODE           	148D	0000	27

mcc_generated_files/pwm5.c estimated size: 39

mcc_generated_files/mcc.c
		_WDT_Initialize		CODE           	1220	0000	4
		_OSCILLATOR_Initialize		CODE           	12E2	0000	12
		_SYSTEM_Initialize		CODE           	15E7	0000	46

mcc_generated_files/mcc.c estimated size: 62

D:\Program Files\Microchip\xc8\v2.40\pic\sources\c99\common\nanf.c
		_nanf          		CODE           	13BC	0000	18

D:\Program Files\Microchip\xc8\v2.40\pic\sources\c99\common\nanf.c estimated size: 18

D:\Program Files\Microchip\xc8\v2.40\pic\sources\c99\common\flneg.c
		___flneg       		CODE           	12EE	0000	12

D:\Program Files\Microchip\xc8\v2.40\pic\sources\c99\common\flneg.c estimated size: 12

mcc_generated_files/tmr3.c
		_TMR3_ISR      		CODE           	1314	0000	14
		_TMR3_Initialize		CODE           	14A8	0000	27
		_TMR3_SetInterruptHandler		CODE           	12A6	0000	9
		_TMR3_DefaultInterruptHandler		CODE           	0800	0000	1
		_TMR3_CallBack 		CODE           	12FA	0000	13
		_TMR3_WriteTimer		CODE           	139A	0000	17

mcc_generated_files/tmr3.c estimated size: 81

mcc_generated_files/pwm3.c
		_PWM3_Initialize		CODE           	12C1	0000	11
		_PWM3_LoadDutyValue		CODE           	145B	0000	25

mcc_generated_files/pwm3.c estimated size: 36

mcc_generated_files/tmr1.c
		_TMR1_Initialize		CODE           	138A	0000	16
		_TMR1_StartTimer		CODE           	1212	0000	3
		_TMR1_ReadTimer		CODE           	1410	0000	25

mcc_generated_files/tmr1.c estimated size: 44

D:\Program Files\Microchip\xc8\v2.40\pic\sources\c99\common\Umul16.c
		___wmul        		CODE           	151E	0000	32

D:\Program Files\Microchip\xc8\v2.40\pic\sources\c99\common\Umul16.c estimated size: 32

mcc_generated_files/eusart.c
		_EUSART_SetRxInterruptHandler		CODE           	1270	0000	9
		_EUSART_SetTxInterruptHandler		CODE           	1279	0000	9
		_EUSART_DefaultOverrunErrorHandler		CODE           	121C	0000	4
		_EUSART_DefaultErrorHandler		CODE           	1218	0000	4
		_EUSART_Transmit_ISR		CODE           	15A1	0000	34
		_EUSART_Initialize		CODE           	16FA	0000	66
		_EUSART_SetFramingErrorHandler		CODE           	125E	0000	9
		_EUSART_SetErrorHandler		CODE           	1255	0000	9
		_EUSART_SetOverrunErrorHandler		CODE           	1267	0000	9
		_EUSART_Receive_ISR		CODE           	16BD	0000	61
		_EUSART_RxDataHandler		CODE           	13F7	0000	25
		_EUSART_DefaultFramingErrorHandler		CODE           	1206	0000	1

mcc_generated_files/eusart.c estimated size: 240

main.c
		_TMR5_interrupt		CODE           	0002	0000	1
		_main          		CODE           	008D	0000	1006
		_CH1_Rising_interrupt		CODE           	1231	0000	9
		_CH2_Rising_interrupt		CODE           	1228	0000	9
		_CH1_Falling_interrupt		CODE           	14FF	0000	31
		_l_turn        		CODE           	155F	0000	33
		_CH2_Falling_interrupt		CODE           	14E0	0000	31
		_r_turn        		CODE           	1580	0000	33
		_m1_on         		CODE           	179C	0000	100
		_m2_on         		CODE           	1615	0000	56
		_m3_on         		CODE           	164D	0000	56
		_m4_on         		CODE           	1685	0000	56
		_TMR3_interrupt		CODE           	120B	0000	1

main.c estimated size: 1422

