Microchip MPLAB XC8 Compiler V2.40

Linker command line:

-W-3 \
  --edf=D:\Program Files\Microchip\xc8\v2.40\pic\dat\20220703182018_en.msgs \
  -cn -h+dist/default/production\robo01.X.production.sym \
  --cmf=dist/default/production\robo01.X.production.cmf -z -Q16F1779 \
  -oC:\Users\hirot\AppData\Local\Temp\xcAsp4c.4 --defsym=__MPLAB_BUILD=1 \
  --fixupoverflow=error -Mdist/default/production/robo01.X.production.map \
  --md=C:\Users\hirot\AppData\Local\Temp\xcAsp4c.dat -E1 -ver=XC8 Compiler \
  --acfsm=1493 -ACODE=00h-07FFhx8 -ASTRCODE=00h-03FFFh -ASTRING=00h-0FFhx64 \
  -ACONST=00h-0FFhx64 -AENTRY=00h-0FFhx64 -ACOMMON=070h-07Fh \
  -ABANK0=020h-06Fh -ABANK1=0A0h-0EFh -ABANK2=0120h-016Fh \
  -ABANK3=01A0h-01EFh -ABANK4=0220h-026Fh -ABANK5=02A0h-02EFh \
  -ABANK6=0320h-036Fh -ABANK7=03A0h-03EFh -ABANK8=0420h-046Fh \
  -ABANK9=04A0h-04EFh -ABANK10=0520h-056Fh -ABANK11=05A0h-05EFh \
  -ABANK12=0620h-066Fh -ABANK13=06A0h-06EFh -ABANK14=0720h-076Fh \
  -ABANK15=07A0h-07EFh -ABANK16=0820h-086Fh -ABANK17=08A0h-08EFh \
  -ABANK18=0920h-096Fh -ABANK19=09A0h-09EFh -ABANK20=0A20h-0A6Fh \
  -ABANK21=0AA0h-0AEFh -ABANK22=0B20h-0B6Fh -ABANK23=0BA0h-0BEFh \
  -ABANK24=0C20h-0C6Fh -ABANK25=0CA0h-0CBFh -ABIGRAM=02000h-027EFh \
  -ARAM=020h-06Fh,0A0h-0EFh,0120h-016Fh,01A0h-01EFh,0220h-026Fh,02A0h-02EFh,0320h-036Fh,03A0h-03EFh,0420h-046Fh,04A0h-04EFh,0520h-056Fh,05A0h-05EFh,0620h-066Fh,06A0h-06EFh,0720h-076Fh,07A0h-07EFh,0820h-086Fh,08A0h-08EFh,0920h-096Fh,09A0h-09EFh,0A20h-0A6Fh,0AA0h-0AEFh,0B20h-0B6Fh,0BA0h-0BEFh,0C20h-0C6Fh,0CA0h-0CBFh \
  -AABS1=020h-07Fh,0A0h-0EFh,0120h-016Fh,01A0h-01EFh,0220h-026Fh,02A0h-02EFh,0320h-036Fh,03A0h-03EFh,0420h-046Fh,04A0h-04EFh,0520h-056Fh,05A0h-05EFh,0620h-066Fh,06A0h-06EFh,0720h-076Fh,07A0h-07EFh,0820h-086Fh,08A0h-08EFh,0920h-096Fh,09A0h-09EFh,0A20h-0A6Fh,0AA0h-0AEFh,0B20h-0B6Fh,0BA0h-0BEFh,0C20h-0C6Fh,0CA0h-0CBFh \
  -ASFR0=00h-01Fh -ASFR1=080h-09Fh -ASFR2=0100h-011Fh -ASFR3=0180h-019Fh \
  -ASFR4=0200h-021Fh -ASFR5=0280h-029Fh -ASFR6=0300h-031Fh \
  -ASFR7=0380h-039Fh -ASFR8=0400h-041Fh -ASFR9=0480h-049Fh \
  -ASFR10=0500h-051Fh -ASFR11=0580h-059Fh -ASFR12=0600h-061Fh \
  -ASFR13=0680h-069Fh -ASFR14=0700h-071Fh -ASFR15=0780h-079Fh \
  -ASFR16=0800h-081Fh -ASFR17=0880h-089Fh -ASFR18=0900h-091Fh \
  -ASFR19=0980h-099Fh -ASFR20=0A00h-0A1Fh -ASFR21=0A80h-0A9Fh \
  -ASFR22=0B00h-0B1Fh -ASFR23=0B80h-0B9Fh -ASFR24=0C00h-0C1Fh \
  -ASFR25=0C80h-0C9Fh -ASFR26=0D00h-0D6Fh -ASFR27=0D80h-0DEFh \
  -ASFR28=0E00h-0E6Fh -ASFR29=0E80h-0EEFh -ASFR30=0F00h-0F6Fh \
  -ASFR31=0F80h-0FEFh -ACONFIG=08007h-08008h -DCONFIG=2 \
  -AIDLOC=08000h-08003h -DIDLOC=2 -DCODE=2 -DSTRCODE=2 -DSTRING=2 -DCONST=2 \
  -DENTRY=2 -preset_vec=00h,intentry=04h,init,end_init -ppowerup=CODE \
  -pcinit=CODE -pfunctab=ENTRY -k \
  C:\Users\hirot\AppData\Local\Temp\xcAsp4c.o \
  dist/default/production\robo01.X.production.o 

Object code version is 3.11

Machine type is 16F1779



                Name                               Link     Load   Length Selector   Space Scale
C:\Users\hirot\AppData\Local\Temp\xcAsp4c.o
                end_init                             48       48        2        8       0
                reset_vec                             0        0        2        0       0
                config                             8007     8007        2        0       4
                idloc                              8000     8000        4        0       5
dist/default/production\robo01.X.production.o
                cinit                                4A       4A       13        8       0
                intentry                              4        4       44        8       0
                config                             8007     8007        2        0       4
                idloc                              8000     8000        4        0       5
                text75                             12F4     12F4        1     25E8       0
                text74                             13CD     13CD        F     279A       0
                text73                             1472     1472       19     28E4       0
                text72                             1303     1303        4     2606       0
                text71                             12F5     12F5        1     25EA       0
                text70                              800      800        4     1000       0
                text69                              804      804       3D     1008       0
                text68                             15E4     15E4       22     2BC8       0
                text67                             148B     148B       19     2916       0
                text66                             12F6     12F6        1     25EC       0
                text65                             130D     130D        9     261A       0
                text64                             13DC     13DC        F     27B8       0
                text63                                2        2        1        0       0
                text62                             1523     1523       1F     2A46       0
                text61                             13EB     13EB        F     27D6       0
                text60                                3        3        1        6       0
                text59                             1316     1316        9     262C       0
                text58                             13FA     13FA        F     27F4       0
                text57                              7FF      7FF        1        8       0
                text56                             1542     1542       1F     2A84       0
                text55                             1409     1409        F     2812       0
                text54                             1581     1581       21     2B02       0
                text52                             131F     131F        9     263E       0
                text51                             12F7     12F7        3     25EE       0
                text50                             1328     1328        9     2650       0
                text49                             12FA     12FA        3     25F4       0
                text48                             1331     1331        9     2662       0
                text47                             1449     1449       13     2892       0
                text46                             133A     133A        9     2674       0
                text45                             1343     1343        9     2686       0
                text44                             134C     134C        9     2698       0
                text43                             1355     1355        9     26AA       0
                text42                             135E     135E        9     26BC       0
                text41                             16FA     16FA       42     2DF4       0
                text40                             13B5     13B5        C     276A       0
                text39                             1367     1367        9     26CE       0
                text38                             1370     1370        9     26E0       0
                text37                             1379     1379        9     26F2       0
                text36                             1382     1382        9     2704       0
                text35                              8B2      8B2       80     1164       0
                text34                             145C     145C       16     28B8       0
                text33                             1394     1394        B     2728       0
                text32                             139F     139F        B     273E       0
                text31                             1508     1508       1B     2A10       0
                text30                             14A4     14A4       19     2948       0
                text29                             13AA     13AA        B     2754       0
                text28                             1427     1427       10     284E       0
                text27                             1418     1418        F     2830       0
                text26                              7FB      7FB        4        8       0
                text25                             162A     162A       28     2C54       0
                text24                             12FD     12FD        3     25FA       0
                text23                              9BD      9BD      200     137A       0
                text22                             13C1     13C1        C     2782       0
                text21                              841      841       71     1082       0
                text20                              750      750       AB        8       0
                text19                             138B     138B        9     2716       0
                text18                             1300     1300        3     2600       0
                text17                             173C     173C       60     2E78       0
                text16                             1561     1561       20     2AC2       0
                text15                             179C     179C       64     2F38       0
                text14                             14BD     14BD       19     297A       0
                text13                             1652     1652       38     2CA4       0
                text12                             14D6     14D6       19     29AC       0
                text11                             168A     168A       38     2D14       0
                text10                             14EF     14EF       19     29DE       0
                text9                              16C2     16C2       38     2D84       0
                text8                              15A2     15A2       21     2B44       0
                text7                              15C3     15C3       21     2B86       0
                text6                               BBD      BBD      208     177A       0
                text5                               932      932       8B     1264       0
                text4                              1606     1606       24     2C0C       0
                text3                               DC5      DC5      23B     1B8A       0
                text2                              1437     1437       12     286E       0
                text1                               43C      43C      314        8       0
                maintext                             5D       5D      3DF        8       0
                cstackBANK0                          20       20       50       20       1
                cstackCOMMON                         70       70        C       70       1
                cstackBANK1                          A0       A0       4C       A0       1
                clrtext                            1307     1307        6     260E       0
                bssBANK2                            120      120       35      120       1
                bssBANK1                             EC       EC        4       A0       1
                bssCOMMON                            7C       7C        2       70       1
                stringtext2                        1804     1804        1     3000       0
                nvBANK2                             155      155        8      120       1
                stringtext1                        1800     1800        4     3000       0

TOTAL           Name                               Link     Load   Length     Space
        CLASS   CODE           
                end_init                             48       48        2         0
                cinit                                4A       4A       13         0
                intentry                              4        4       44         0
                reset_vec                             0        0        2         0
                text75                             12F4     12F4        1         0
                text74                             13CD     13CD        F         0
                text73                             1472     1472       19         0
                text72                             1303     1303        4         0
                text71                             12F5     12F5        1         0
                text70                              800      800        4         0
                text69                              804      804       3D         0
                text68                             15E4     15E4       22         0
                text67                             148B     148B       19         0
                text66                             12F6     12F6        1         0
                text65                             130D     130D        9         0
                text64                             13DC     13DC        F         0
                text63                                2        2        1         0
                text62                             1523     1523       1F         0
                text61                             13EB     13EB        F         0
                text60                                3        3        1         0
                text59                             1316     1316        9         0
                text58                             13FA     13FA        F         0
                text57                              7FF      7FF        1         0
                text56                             1542     1542       1F         0
                text55                             1409     1409        F         0
                text54                             1581     1581       21         0
                text52                             131F     131F        9         0
                text51                             12F7     12F7        3         0
                text50                             1328     1328        9         0
                text49                             12FA     12FA        3         0
                text48                             1331     1331        9         0
                text47                             1449     1449       13         0
                text46                             133A     133A        9         0
                text45                             1343     1343        9         0
                text44                             134C     134C        9         0
                text43                             1355     1355        9         0
                text42                             135E     135E        9         0
                text41                             16FA     16FA       42         0
                text40                             13B5     13B5        C         0
                text39                             1367     1367        9         0
                text38                             1370     1370        9         0
                text37                             1379     1379        9         0
                text36                             1382     1382        9         0
                text35                              8B2      8B2       80         0
                text34                             145C     145C       16         0
                text33                             1394     1394        B         0
                text32                             139F     139F        B         0
                text31                             1508     1508       1B         0
                text30                             14A4     14A4       19         0
                text29                             13AA     13AA        B         0
                text28                             1427     1427       10         0
                text27                             1418     1418        F         0
                text26                              7FB      7FB        4         0
                text25                             162A     162A       28         0
                text24                             12FD     12FD        3         0
                text23                              9BD      9BD      200         0
                text22                             13C1     13C1        C         0
                text21                              841      841       71         0
                text20                              750      750       AB         0
                text19                             138B     138B        9         0
                text18                             1300     1300        3         0
                text17                             173C     173C       60         0
                text16                             1561     1561       20         0
                text15                             179C     179C       64         0
                text14                             14BD     14BD       19         0
                text13                             1652     1652       38         0
                text12                             14D6     14D6       19         0
                text11                             168A     168A       38         0
                text10                             14EF     14EF       19         0
                text9                              16C2     16C2       38         0
                text8                              15A2     15A2       21         0
                text7                              15C3     15C3       21         0
                text6                               BBD      BBD      208         0
                text5                               932      932       8B         0
                text4                              1606     1606       24         0
                text3                               DC5      DC5      23B         0
                text2                              1437     1437       12         0
                text1                               43C      43C      314         0
                maintext                             5D       5D      3DF         0
                clrtext                            1307     1307        6         0

        CLASS   STRCODE        
                stringtext2                        1804     1804        1         0
                stringtext1                        1800     1800        4         0

        CLASS   STRING         

        CLASS   CONST          

        CLASS   ENTRY          

        CLASS   COMMON         
                cstackCOMMON                         70       70        C         1
                bssCOMMON                            7C       7C        2         1

        CLASS   BANK0          
                cstackBANK0                          20       20       50         1

        CLASS   BANK1          
                cstackBANK1                          A0       A0       4C         1
                bssBANK1                             EC       EC        4         1

        CLASS   BANK2          
                bssBANK2                            120      120       35         1
                nvBANK2                             155      155        8         1

        CLASS   BANK3          

        CLASS   BANK4          

        CLASS   BANK5          

        CLASS   BANK6          

        CLASS   BANK7          

        CLASS   BANK8          

        CLASS   BANK9          

        CLASS   BANK10         

        CLASS   BANK11         

        CLASS   BANK12         

        CLASS   BANK13         

        CLASS   BANK14         

        CLASS   BANK15         

        CLASS   BANK16         

        CLASS   BANK17         

        CLASS   BANK18         

        CLASS   BANK19         

        CLASS   BANK20         

        CLASS   BANK21         

        CLASS   BANK22         

        CLASS   BANK23         

        CLASS   BANK24         

        CLASS   BANK25         

        CLASS   BIGRAM         

        CLASS   RAM            

        CLASS   ABS1           
                abs_s1                               7E       7E        2         1

        CLASS   SFR0           

        CLASS   SFR1           

        CLASS   SFR2           

        CLASS   SFR3           

        CLASS   SFR4           

        CLASS   SFR5           

        CLASS   SFR6           

        CLASS   SFR7           

        CLASS   SFR8           

        CLASS   SFR9           

        CLASS   SFR10          

        CLASS   SFR11          

        CLASS   SFR12          

        CLASS   SFR13          

        CLASS   SFR14          

        CLASS   SFR15          

        CLASS   SFR16          

        CLASS   SFR17          

        CLASS   SFR18          

        CLASS   SFR19          

        CLASS   SFR20          

        CLASS   SFR21          

        CLASS   SFR22          

        CLASS   SFR23          

        CLASS   SFR24          

        CLASS   SFR25          

        CLASS   SFR26          

        CLASS   SFR27          

        CLASS   SFR28          

        CLASS   SFR29          

        CLASS   SFR30          

        CLASS   SFR31          

        CLASS   CONFIG         
                config                             8007     8007        2         4

        CLASS   IDLOC          
                idloc                              8000     8000        4         5

        CLASS   BANK31         

        CLASS   BANK30         

        CLASS   BANK29         

        CLASS   BANK28         

        CLASS   BANK27         

        CLASS   BANK26         

        CLASS   HEAP           

        CLASS   STACK          

        CLASS   EEDATA         



SEGMENTS        Name                           Load    Length   Top    Selector   Space  Class     Delta

                reset_vec                      000000  000003  000003         0       0  CODE        2
                text60                         000003  000001  000004         6       0  CODE        2
                intentry                       000004  0007FC  000800         8       0  CODE        2
                cstackBANK0                    000020  000050  000070        20       1  BANK0       1
                cstackCOMMON                   000070  00000E  00007E        70       1  COMMON      1
                cstackBANK1                    0000A0  000050  0000F0        A0       1  BANK1       1
                bssBANK2                       000120  00003D  00015D       120       1  BANK2       1
                text70                         000800  000004  000804      1000       0  CODE        2
                text69                         000804  00003D  000841      1008       0  CODE        2
                text21                         000841  000071  0008B2      1082       0  CODE        2
                text35                         0008B2  000080  000932      1164       0  CODE        2
                text5                          000932  00008B  0009BD      1264       0  CODE        2
                text23                         0009BD  000200  000BBD      137A       0  CODE        2
                text6                          000BBD  000208  000DC5      177A       0  CODE        2
                text3                          000DC5  00023B  001000      1B8A       0  CODE        2
                text75                         0012F4  000001  0012F5      25E8       0  CODE        2
                text71                         0012F5  000001  0012F6      25EA       0  CODE        2
                text66                         0012F6  000001  0012F7      25EC       0  CODE        2
                text51                         0012F7  000003  0012FA      25EE       0  CODE        2
                text49                         0012FA  000003  0012FD      25F4       0  CODE        2
                text24                         0012FD  000003  001300      25FA       0  CODE        2
                text18                         001300  000003  001303      2600       0  CODE        2
                text72                         001303  000004  001307      2606       0  CODE        2
                clrtext                        001307  000006  00130D      260E       0  CODE        2
                text65                         00130D  000009  001316      261A       0  CODE        2
                text59                         001316  000009  00131F      262C       0  CODE        2
                text52                         00131F  000009  001328      263E       0  CODE        2
                text50                         001328  000009  001331      2650       0  CODE        2
                text48                         001331  000009  00133A      2662       0  CODE        2
                text46                         00133A  000009  001343      2674       0  CODE        2
                text45                         001343  000009  00134C      2686       0  CODE        2
                text44                         00134C  000009  001355      2698       0  CODE        2
                text43                         001355  000009  00135E      26AA       0  CODE        2
                text42                         00135E  000009  001367      26BC       0  CODE        2
                text39                         001367  000009  001370      26CE       0  CODE        2
                text38                         001370  000009  001379      26E0       0  CODE        2
                text37                         001379  000009  001382      26F2       0  CODE        2
                text36                         001382  000009  00138B      2704       0  CODE        2
                text19                         00138B  000009  001394      2716       0  CODE        2
                text33                         001394  00000B  00139F      2728       0  CODE        2
                text32                         00139F  00000B  0013AA      273E       0  CODE        2
                text29                         0013AA  00000B  0013B5      2754       0  CODE        2
                text40                         0013B5  00000C  0013C1      276A       0  CODE        2
                text22                         0013C1  00000C  0013CD      2782       0  CODE        2
                text74                         0013CD  00000F  0013DC      279A       0  CODE        2
                text64                         0013DC  00000F  0013EB      27B8       0  CODE        2
                text61                         0013EB  00000F  0013FA      27D6       0  CODE        2
                text58                         0013FA  00000F  001409      27F4       0  CODE        2
                text55                         001409  00000F  001418      2812       0  CODE        2
                text27                         001418  00000F  001427      2830       0  CODE        2
                text28                         001427  000010  001437      284E       0  CODE        2
                text2                          001437  000012  001449      286E       0  CODE        2
                text47                         001449  000013  00145C      2892       0  CODE        2
                text34                         00145C  000016  001472      28B8       0  CODE        2
                text73                         001472  000019  00148B      28E4       0  CODE        2
                text67                         00148B  000019  0014A4      2916       0  CODE        2
                text30                         0014A4  000019  0014BD      2948       0  CODE        2
                text14                         0014BD  000019  0014D6      297A       0  CODE        2
                text12                         0014D6  000019  0014EF      29AC       0  CODE        2
                text10                         0014EF  000019  001508      29DE       0  CODE        2
                text31                         001508  00001B  001523      2A10       0  CODE        2
                text62                         001523  00001F  001542      2A46       0  CODE        2
                text56                         001542  00001F  001561      2A84       0  CODE        2
                text16                         001561  000020  001581      2AC2       0  CODE        2
                text54                         001581  000021  0015A2      2B02       0  CODE        2
                text8                          0015A2  000021  0015C3      2B44       0  CODE        2
                text7                          0015C3  000021  0015E4      2B86       0  CODE        2
                text68                         0015E4  000022  001606      2BC8       0  CODE        2
                text4                          001606  000024  00162A      2C0C       0  CODE        2
                text25                         00162A  000028  001652      2C54       0  CODE        2
                text13                         001652  000038  00168A      2CA4       0  CODE        2
                text11                         00168A  000038  0016C2      2D14       0  CODE        2
                text9                          0016C2  000038  0016FA      2D84       0  CODE        2
                text41                         0016FA  000042  00173C      2DF4       0  CODE        2
                text17                         00173C  000060  00179C      2E78       0  CODE        2
                text15                         00179C  000064  001800      2F38       0  CODE        2
                stringtext1                    001800  000005  001805      3000       0  STRCODE     2


UNUSED ADDRESS RANGES

        Name                Unused          Largest block    Delta
        BANK10           00520-0056F              50           1
        BANK11           005A0-005EF              50           1
        BANK12           00620-0066F              50           1
        BANK13           006A0-006EF              50           1
        BANK14           00720-0076F              50           1
        BANK15           007A0-007EF              50           1
        BANK16           00820-0086F              50           1
        BANK17           008A0-008EF              50           1
        BANK18           00920-0096F              50           1
        BANK19           009A0-009EF              50           1
        BANK2            0015D-0016F              13           1
        BANK20           00A20-00A6F              50           1
        BANK21           00AA0-00AEF              50           1
        BANK22           00B20-00B6F              50           1
        BANK23           00BA0-00BEF              50           1
        BANK24           00C20-00C6F              50           1
        BANK25           00CA0-00CBF              20           1
        BANK3            001A0-001EF              50           1
        BANK4            00220-0026F              50           1
        BANK5            002A0-002EF              50           1
        BANK6            00320-0036F              50           1
        BANK7            003A0-003EF              50           1
        BANK8            00420-0046F              50           1
        BANK9            004A0-004EF              50           1
        BIGRAM           02000-027EF             7F0           1
        CODE             01000-012F3             2F4           2
                         01805-03FFF             800
        CONST            01000-012F3             100           2
                         01805-03FFF             100
        ENTRY            01000-012F3             100           2
                         01805-03FFF             100
        RAM              0015D-0016F              13           1
                         001A0-001EF              50
                         00220-0026F              50
                         002A0-002EF              50
                         00320-0036F              50
                         003A0-003EF              50
                         00420-0046F              50
                         004A0-004EF              50
                         00520-0056F              50
                         005A0-005EF              50
                         00620-0066F              50
                         006A0-006EF              50
                         00720-0076F              50
                         007A0-007EF              50
                         00820-0086F              50
                         008A0-008EF              50
                         00920-0096F              50
                         009A0-009EF              50
                         00A20-00A6F              50
                         00AA0-00AEF              50
                         00B20-00B6F              50
                         00BA0-00BEF              50
                         00C20-00C6F              50
                         00CA0-00CBF              20
        SFR0             00000-0001F              20           1
        SFR1             00080-0009F              20           1
        SFR10            00500-0051F              20           1
        SFR11            00580-0059F              20           1
        SFR12            00600-0061F              20           1
        SFR13            00680-0069F              20           1
        SFR14            00700-0071F              20           1
        SFR15            00780-0079F              20           1
        SFR16            00800-0081F              20           1
        SFR17            00880-0089F              20           1
        SFR18            00900-0091F              20           1
        SFR19            00980-0099F              20           1
        SFR2             00100-0011F              20           1
        SFR20            00A00-00A1F              20           1
        SFR21            00A80-00A9F              20           1
        SFR22            00B00-00B1F              20           1
        SFR23            00B80-00B9F              20           1
        SFR24            00C00-00C1F              20           1
        SFR25            00C80-00C9F              20           1
        SFR26            00D00-00D6F              70           1
        SFR27            00D80-00DEF              70           1
        SFR28            00E00-00E6F              70           1
        SFR29            00E80-00EEF              70           1
        SFR3             00180-0019F              20           1
        SFR30            00F00-00F6F              70           1
        SFR31            00F80-00FEF              70           1
        SFR4             00200-0021F              20           1
        SFR5             00280-0029F              20           1
        SFR6             00300-0031F              20           1
        SFR7             00380-0039F              20           1
        SFR8             00400-0041F              20           1
        SFR9             00480-0049F              20           1
        STRCODE          01000-012F3             2F4           2
                         01805-03FFF            27FB
        STRING           01000-012F3             100           2
                         01805-03FFF             100

                                  Symbol Table

?_TMR1_ReadTimer                               cstackCOMMON 00070
?__Umul8_16                                    cstackBANK0  00020
?___awdiv                                      cstackBANK0  00020
?___fladd                                      cstackBANK0  00048
?___fldiv                                      cstackBANK0  00068
?___flmul                                      cstackBANK0  0002E
?___flneg                                      cstackBANK0  00020
?___fltol                                      cstackBANK0  0005C
?___wmul                                       cstackBANK0  00029
?___xxtofl                                     cstackBANK0  00020
?_nanf                                         cstackBANK0  00020
?_sqrtf                                        cstackBANK0  0005C
ADC_SetInterruptHandler@InterruptHandler       cstackBANK0  00020
EUSART_SetErrorHandler@interruptHandler        cstackBANK0  00020
EUSART_SetFramingErrorHandler@interruptHandler cstackBANK0  00020
EUSART_SetOverrunErrorHandler@interruptHandler cstackBANK0  00020
EUSART_SetRxInterruptHandler@interruptHandler  cstackBANK0  00020
EUSART_SetTxInterruptHandler@interruptHandler  cstackBANK0  00020
IOCBF0_SetInterruptHandler@InterruptHandler    cstackBANK0  00020
IOCBF1_SetInterruptHandler@InterruptHandler    cstackBANK0  00020
IOCCF2_SetInterruptHandler@InterruptHandler    cstackBANK0  00020
IOCCF3_SetInterruptHandler@InterruptHandler    cstackBANK0  00020
PWM11_DutyCycleSet@dutyCycleCount              cstackBANK0  00020
PWM3_LoadDutyValue@dutyValue                   cstackBANK0  00020
PWM4_LoadDutyValue@dutyValue                   cstackBANK0  00020
PWM5_DutyCycleSet@dutyCycleCount               cstackBANK0  00020
PWM6_DutyCycleSet@dutyCycleCount               cstackBANK0  00020
PWM9_LoadDutyValue@dutyValue                   cstackBANK0  00020
TMR1_ReadTimer@readVal                         cstackCOMMON 00077
TMR1_ReadTimer@readValHigh                     cstackCOMMON 00079
TMR1_ReadTimer@readValLow                      cstackCOMMON 0007A
_ADCACTPPS                                     (abs)        00E39
_ADCON0                                        (abs)        00490
_ADCON0bits                                    (abs)        00490
_ADCON1                                        (abs)        00491
_ADCON2                                        (abs)        00492
_ADC_DefaultInterruptHandler                   text75       012F4
_ADC_ISR                                       text74       013CD
_ADC_Initialize                                text47       01449
_ADC_InterruptHandler                          bssBANK2     00152
_ADC_SetInterruptHandler                       text48       01331
_ADRESH                                        (abs)        0048F
_ADRESL                                        (abs)        0048E
_ANSELA                                        (abs)        0018C
_ANSELB                                        (abs)        0018D
_ANSELC                                        (abs)        0018E
_ANSELD                                        (abs)        0018F
_ANSELE                                        (abs)        00190
_BAUD1CON                                      (abs)        0019F
_BORCON                                        (abs)        0009D
_CCPTMRS2bits                                  (abs)        0029F
_CH1_Falling_interrupt                         text56       01542
_CH1_Rising_interrupt                          text59       01316
_CH2_Falling_interrupt                         text62       01523
_CH2_Rising_interrupt                          text65       0130D
_EUSART_DefaultErrorHandler                    text72       01303
_EUSART_DefaultFramingErrorHandler             text71       012F5
_EUSART_DefaultOverrunErrorHandler             text70       00800
_EUSART_ErrorHandler                           bssBANK2     00146
_EUSART_FramingErrorHandler                    bssBANK2     0014A
_EUSART_Initialize                             text41       016FA
_EUSART_OverrunErrorHandler                    bssBANK2     00148
_EUSART_Receive_ISR                            text69       00804
_EUSART_RxDataHandler                          text73       01472
_EUSART_RxDefaultInterruptHandler              bssBANK2     0014C
_EUSART_SetErrorHandler                        text46       0133A
_EUSART_SetFramingErrorHandler                 text45       01343
_EUSART_SetOverrunErrorHandler                 text44       0134C
_EUSART_SetRxInterruptHandler                  text43       01355
_EUSART_SetTxInterruptHandler                  text42       0135E
_EUSART_Transmit_ISR                           text68       015E4
_EUSART_TxDefaultInterruptHandler              bssBANK2     0014E
_INLVLA                                        (abs)        0038C
_INLVLB                                        (abs)        0038D
_INLVLC                                        (abs)        0038E
_INLVLD                                        (abs)        0038F
_INTCONbits                                    (abs)        0000B
_INTERRUPT_InterruptManager                    intentry     00004
_IOCBF0_DefaultInterruptHandler                text66       012F6
_IOCBF0_ISR                                    text64       013DC
_IOCBF0_InterruptHandler                       nvBANK2      0015B
_IOCBF0_SetInterruptHandler                    text39       01367
_IOCBF1_DefaultInterruptHandler                text63       00002
_IOCBF1_ISR                                    text61       013EB
_IOCBF1_InterruptHandler                       nvBANK2      00159
_IOCBF1_SetInterruptHandler                    text38       01370
_IOCBFbits                                     (abs)        00396
_IOCBNbits                                     (abs)        00395
_IOCBPbits                                     (abs)        00394
_IOCCF2_DefaultInterruptHandler                text60       00003
_IOCCF2_ISR                                    text58       013FA
_IOCCF2_InterruptHandler                       nvBANK2      00157
_IOCCF2_SetInterruptHandler                    text37       01379
_IOCCF3_DefaultInterruptHandler                text57       007FF
_IOCCF3_ISR                                    text55       01409
_IOCCF3_InterruptHandler                       nvBANK2      00155
_IOCCF3_SetInterruptHandler                    text36       01382
_IOCCFbits                                     (abs)        00399
_IOCCNbits                                     (abs)        00398
_IOCCPbits                                     (abs)        00397
_LATA                                          (abs)        0010C
_LATB                                          (abs)        0010D
_LATBbits                                      (abs)        0010D
_LATC                                          (abs)        0010E
_LATCbits                                      (abs)        0010E
_LATD                                          (abs)        0010F
_LATDbits                                      (abs)        0010F
_LATE                                          (abs)        00110
_ODCONA                                        (abs)        0028C
_ODCONB                                        (abs)        0028D
_ODCONC                                        (abs)        0028E
_ODCOND                                        (abs)        0028F
_ODCONE                                        (abs)        00290
_OPTION_REGbits                                (abs)        00097
_OSCCON                                        (abs)        0009B
_OSCILLATOR_Initialize                         text40       013B5
_OSCSTAT                                       (abs)        0009C
_OSCTUNE                                       (abs)        0009A
_PIE1bits                                      (abs)        00091
_PIN_MANAGER_IOC                               text54       01581
_PIN_MANAGER_Initialize                        text35       008B2
_PIR1bits                                      (abs)        00011
_PLLR                                          (abs)        004E6
_PORTAbits                                     (abs)        0000C
_PORTCbits                                     (abs)        0000E
_PR2                                           (abs)        00494
_PWM11CLKCON                                   (abs)        00DBE
_PWM11CON                                      (abs)        00DBB
_PWM11CONbits                                  (abs)        00DBB
_PWM11DCH                                      (abs)        00DB4
_PWM11DCL                                      (abs)        00DB3
_PWM11INTE                                     (abs)        00DBC
_PWM11INTF                                     (abs)        00DBD
_PWM11INTFbits                                 (abs)        00DBD
_PWM11LDCON                                    (abs)        00DBF
_PWM11LDCONbits                                (abs)        00DBF
_PWM11OFCON                                    (abs)        00DC0
_PWM11OFH                                      (abs)        00DB8
_PWM11OFL                                      (abs)        00DB7
_PWM11PHH                                      (abs)        00DB2
_PWM11PHL                                      (abs)        00DB1
_PWM11PRH                                      (abs)        00DB6
_PWM11PRL                                      (abs)        00DB5
_PWM11TMRH                                     (abs)        00DBA
_PWM11TMRL                                     (abs)        00DB9
_PWM11_DutyCycleSet                            text19       0138B
_PWM11_Initialize                              text34       0145C
_PWM11_LoadBufferSet                           text18       01300
_PWM3CON                                       (abs)        00616
_PWM3DCH                                       (abs)        00615
_PWM3DCL                                       (abs)        00614
_PWM3_Initialize                               text33       01394
_PWM3_LoadDutyValue                            text12       014D6
_PWM4CON                                       (abs)        00619
_PWM4DCH                                       (abs)        00618
_PWM4DCL                                       (abs)        00617
_PWM4_Initialize                               text32       0139F
_PWM4_LoadDutyValue                            text14       014BD
_PWM5CLKCON                                    (abs)        00D9E
_PWM5CON                                       (abs)        00D9B
_PWM5CONbits                                   (abs)        00D9B
_PWM5DCH                                       (abs)        00D94
_PWM5DCL                                       (abs)        00D93
_PWM5INTE                                      (abs)        00D9C
_PWM5INTF                                      (abs)        00D9D
_PWM5INTFbits                                  (abs)        00D9D
_PWM5LDCON                                     (abs)        00D9F
_PWM5LDCONbits                                 (abs)        00D9F
_PWM5OFCON                                     (abs)        00DA0
_PWM5OFH                                       (abs)        00D98
_PWM5OFL                                       (abs)        00D97
_PWM5PHH                                       (abs)        00D92
_PWM5PHL                                       (abs)        00D91
_PWM5PRH                                       (abs)        00D96
_PWM5PRL                                       (abs)        00D95
_PWM5TMRH                                      (abs)        00D9A
_PWM5TMRL                                      (abs)        00D99
_PWM5_DutyCycleSet                             text52       0131F
_PWM5_Initialize                               text31       01508
_PWM5_LoadBufferSet                            text51       012F7
_PWM6CLKCON                                    (abs)        00DAE
_PWM6CON                                       (abs)        00DAB
_PWM6CONbits                                   (abs)        00DAB
_PWM6DCH                                       (abs)        00DA4
_PWM6DCL                                       (abs)        00DA3
_PWM6INTE                                      (abs)        00DAC
_PWM6INTF                                      (abs)        00DAD
_PWM6INTFbits                                  (abs)        00DAD
_PWM6LDCON                                     (abs)        00DAF
_PWM6LDCONbits                                 (abs)        00DAF
_PWM6OFCON                                     (abs)        00DB0
_PWM6OFH                                       (abs)        00DA8
_PWM6OFL                                       (abs)        00DA7
_PWM6PHH                                       (abs)        00DA2
_PWM6PHL                                       (abs)        00DA1
_PWM6PRH                                       (abs)        00DA6
_PWM6PRL                                       (abs)        00DA5
_PWM6TMRH                                      (abs)        00DAA
_PWM6TMRL                                      (abs)        00DA9
_PWM6_DutyCycleSet                             text50       01328
_PWM6_Initialize                               text30       014A4
_PWM6_LoadBufferSet                            text49       012FA
_PWM9CON                                       (abs)        0061C
_PWM9DCH                                       (abs)        0061B
_PWM9DCL                                       (abs)        0061A
_PWM9_Initialize                               text29       013AA
_PWM9_LoadDutyValue                            text10       014EF
_RA4PPS                                        (abs)        00E94
_RA5PPS                                        (abs)        00E95
_RB4PPS                                        (abs)        00E9C
_RC1REG                                        (abs)        00199
_RC1STA                                        (abs)        0019D
_RC1STAbits                                    (abs)        0019D
_RD1PPS                                        (abs)        00EA9
_RD2PPS                                        (abs)        00EAA
_RD3PPS                                        (abs)        00EAB
_RD5PPS                                        (abs)        00EAD
_RXPPS                                         (abs)        00E3D
_SLRCONA                                       (abs)        0030C
_SLRCONB                                       (abs)        0030D
_SLRCONC                                       (abs)        0030E
_SLRCOND                                       (abs)        0030F
_SLRCONE                                       (abs)        00310
_SP1BRGH                                       (abs)        0019C
_SP1BRGL                                       (abs)        0019B
_SYSTEM_Initialize                             text25       0162A
_T1CON                                         (abs)        0001A
_T1CONbits                                     (abs)        0001A
_T1GCON                                        (abs)        0001B
_T1GCONbits                                    (abs)        0001B
_T2CLKCON                                      (abs)        00497
_T2CON                                         (abs)        00495
_T2CONbits                                     (abs)        00495
_T2HLT                                         (abs)        00496
_T2HLTbits                                     (abs)        00496
_T2PR                                          (abs)        00494
_T2RST                                         (abs)        00498
_T2RSTbits                                     (abs)        00498
_T2TMR                                         (abs)        00493
_TMR1H                                         (abs)        00019
_TMR1L                                         (abs)        00018
_TMR1_Initialize                               text28       01427
_TMR1_ReadTimer                                text67       0148B
_TMR1_StartTimer                               text24       012FD
_TMR2                                          (abs)        00493
_TMR2_Initialize                               text27       01418
_TRISA                                         (abs)        0008C
_TRISB                                         (abs)        0008D
_TRISC                                         (abs)        0008E
_TRISD                                         (abs)        0008F
_TRISE                                         (abs)        00090
_TX1REG                                        (abs)        0019A
_TX1STA                                        (abs)        0019E
_TX1STAbits                                    (abs)        0019E
_WDTCON                                        (abs)        00099
_WDT_Initialize                                text26       007FB
_WPUA                                          (abs)        0020C
_WPUB                                          (abs)        0020D
_WPUC                                          (abs)        0020E
_WPUD                                          (abs)        0020F
_WPUE                                          (abs)        00210
__Habs1                                        abs1         00000
__Hbank0                                       bank0        00000
__Hbank1                                       bank1        00000
__Hbank10                                      bank10       00000
__Hbank11                                      bank11       00000
__Hbank12                                      bank12       00000
__Hbank13                                      bank13       00000
__Hbank14                                      bank14       00000
__Hbank15                                      bank15       00000
__Hbank16                                      bank16       00000
__Hbank17                                      bank17       00000
__Hbank18                                      bank18       00000
__Hbank19                                      bank19       00000
__Hbank2                                       bank2        00000
__Hbank20                                      bank20       00000
__Hbank21                                      bank21       00000
__Hbank22                                      bank22       00000
__Hbank23                                      bank23       00000
__Hbank24                                      bank24       00000
__Hbank25                                      bank25       00000
__Hbank26                                      bank26       00000
__Hbank27                                      bank27       00000
__Hbank28                                      bank28       00000
__Hbank29                                      bank29       00000
__Hbank3                                       bank3        00000
__Hbank30                                      bank30       00000
__Hbank31                                      bank31       00000
__Hbank4                                       bank4        00000
__Hbank5                                       bank5        00000
__Hbank6                                       bank6        00000
__Hbank7                                       bank7        00000
__Hbank8                                       bank8        00000
__Hbank9                                       bank9        00000
__Hbigram                                      bigram       00000
__HbssBANK1                                    bssBANK1     00000
__HbssBANK2                                    bssBANK2     00000
__HbssCOMMON                                   bssCOMMON    00000
__Hcinit                                       cinit        0005D
__Hclrtext                                     clrtext      00000
__Hcode                                        code         00000
__Hcommon                                      common       00000
__Hconfig                                      config       08009
__HcstackBANK0                                 cstackBANK0  00000
__HcstackBANK1                                 cstackBANK1  00000
__HcstackCOMMON                                cstackCOMMON 00000
__Heeprom_data                                 eeprom_data  00000
__Hend_init                                    end_init     0004A
__Hfunctab                                     functab      00000
__Hheap                                        heap         00000
__Hidloc                                       idloc        08004
__Hinit                                        init         00048
__Hintentry                                    intentry     00048
__Hmaintext                                    maintext     00000
__HnvBANK2                                     nvBANK2      00000
__Hpowerup                                     powerup      00000
__Hram                                         ram          00000
__Hreset_vec                                   reset_vec    00002
__Hsfr0                                        sfr0         00000
__Hsfr1                                        sfr1         00000
__Hsfr10                                       sfr10        00000
__Hsfr11                                       sfr11        00000
__Hsfr12                                       sfr12        00000
__Hsfr13                                       sfr13        00000
__Hsfr14                                       sfr14        00000
__Hsfr15                                       sfr15        00000
__Hsfr16                                       sfr16        00000
__Hsfr17                                       sfr17        00000
__Hsfr18                                       sfr18        00000
__Hsfr19                                       sfr19        00000
__Hsfr2                                        sfr2         00000
__Hsfr20                                       sfr20        00000
__Hsfr21                                       sfr21        00000
__Hsfr22                                       sfr22        00000
__Hsfr23                                       sfr23        00000
__Hsfr24                                       sfr24        00000
__Hsfr25                                       sfr25        00000
__Hsfr26                                       sfr26        00000
__Hsfr27                                       sfr27        00000
__Hsfr28                                       sfr28        00000
__Hsfr29                                       sfr29        00000
__Hsfr3                                        sfr3         00000
__Hsfr30                                       sfr30        00000
__Hsfr31                                       sfr31        00000
__Hsfr4                                        sfr4         00000
__Hsfr5                                        sfr5         00000
__Hsfr6                                        sfr6         00000
__Hsfr7                                        sfr7         00000
__Hsfr8                                        sfr8         00000
__Hsfr9                                        sfr9         00000
__Hspace_0                                     (abs)        01805
__Hspace_1                                     (abs)        0015D
__Hspace_2                                     (abs)        00000
__Hspace_3                                     (abs)        00000
__Hspace_4                                     (abs)        10010
__Hstack                                       stack        00000
__Hstrings                                     strings      00000
__Hstringtext1                                 stringtext1  00000
__Hstringtext2                                 stringtext2  00000
__Hstringtext3                                 stringtext3  00000
__Htext                                        text         00000
__Labs1                                        abs1         00000
__Lbank0                                       bank0        00000
__Lbank1                                       bank1        00000
__Lbank10                                      bank10       00000
__Lbank11                                      bank11       00000
__Lbank12                                      bank12       00000
__Lbank13                                      bank13       00000
__Lbank14                                      bank14       00000
__Lbank15                                      bank15       00000
__Lbank16                                      bank16       00000
__Lbank17                                      bank17       00000
__Lbank18                                      bank18       00000
__Lbank19                                      bank19       00000
__Lbank2                                       bank2        00000
__Lbank20                                      bank20       00000
__Lbank21                                      bank21       00000
__Lbank22                                      bank22       00000
__Lbank23                                      bank23       00000
__Lbank24                                      bank24       00000
__Lbank25                                      bank25       00000
__Lbank26                                      bank26       00000
__Lbank27                                      bank27       00000
__Lbank28                                      bank28       00000
__Lbank29                                      bank29       00000
__Lbank3                                       bank3        00000
__Lbank30                                      bank30       00000
__Lbank31                                      bank31       00000
__Lbank4                                       bank4        00000
__Lbank5                                       bank5        00000
__Lbank6                                       bank6        00000
__Lbank7                                       bank7        00000
__Lbank8                                       bank8        00000
__Lbank9                                       bank9        00000
__Lbigram                                      bigram       00000
__LbssBANK1                                    bssBANK1     00000
__LbssBANK2                                    bssBANK2     00000
__LbssCOMMON                                   bssCOMMON    00000
__Lcinit                                       cinit        0004A
__Lclrtext                                     clrtext      00000
__Lcode                                        code         00000
__Lcommon                                      common       00000
__Lconfig                                      config       00000
__LcstackBANK0                                 cstackBANK0  00000
__LcstackBANK1                                 cstackBANK1  00000
__LcstackCOMMON                                cstackCOMMON 00000
__Leeprom_data                                 eeprom_data  00000
__Lend_init                                    end_init     00048
__Lfunctab                                     functab      00000
__Lheap                                        heap         00000
__Lidloc                                       idloc        00000
__Linit                                        init         00048
__Lintentry                                    intentry     00004
__Lmaintext                                    maintext     00000
__LnvBANK2                                     nvBANK2      00000
__Lpowerup                                     powerup      00000
__Lram                                         ram          00000
__Lreset_vec                                   reset_vec    00000
__Lsfr0                                        sfr0         00000
__Lsfr1                                        sfr1         00000
__Lsfr10                                       sfr10        00000
__Lsfr11                                       sfr11        00000
__Lsfr12                                       sfr12        00000
__Lsfr13                                       sfr13        00000
__Lsfr14                                       sfr14        00000
__Lsfr15                                       sfr15        00000
__Lsfr16                                       sfr16        00000
__Lsfr17                                       sfr17        00000
__Lsfr18                                       sfr18        00000
__Lsfr19                                       sfr19        00000
__Lsfr2                                        sfr2         00000
__Lsfr20                                       sfr20        00000
__Lsfr21                                       sfr21        00000
__Lsfr22                                       sfr22        00000
__Lsfr23                                       sfr23        00000
__Lsfr24                                       sfr24        00000
__Lsfr25                                       sfr25        00000
__Lsfr26                                       sfr26        00000
__Lsfr27                                       sfr27        00000
__Lsfr28                                       sfr28        00000
__Lsfr29                                       sfr29        00000
__Lsfr3                                        sfr3         00000
__Lsfr30                                       sfr30        00000
__Lsfr31                                       sfr31        00000
__Lsfr4                                        sfr4         00000
__Lsfr5                                        sfr5         00000
__Lsfr6                                        sfr6         00000
__Lsfr7                                        sfr7         00000
__Lsfr8                                        sfr8         00000
__Lsfr9                                        sfr9         00000
__Lspace_0                                     (abs)        00000
__Lspace_1                                     (abs)        00000
__Lspace_2                                     (abs)        00000
__Lspace_3                                     (abs)        00000
__Lspace_4                                     (abs)        00000
__Lstack                                       stack        00000
__Lstrings                                     strings      00000
__Lstringtext1                                 stringtext1  00000
__Lstringtext2                                 stringtext2  00000
__Lstringtext3                                 stringtext3  00000
__Ltext                                        text         00000
__S0                                           (abs)        01805
__S1                                           (abs)        0015D
__Umul8_16                                     text4        01606
__Umul8_16@multiplicand                        cstackBANK0  00020
__Umul8_16@multiplier                          cstackBANK0  00028
__Umul8_16@product                             cstackBANK0  00024
__Umul8_16@word_mpld                           cstackBANK0  00026
___awdiv                                       text17       0173C
___awdiv@counter                               cstackBANK0  00025
___awdiv@dividend                              cstackBANK0  00022
___awdiv@divisor                               cstackBANK0  00020
___awdiv@quotient                              cstackBANK0  00027
___awdiv@sign                                  cstackBANK0  00026
___fladd                                       text6        00BBD
___fladd@a                                     cstackBANK0  0004C
___fladd@aexp                                  cstackBANK0  00059
___fladd@b                                     cstackBANK0  00048
___fladd@bexp                                  cstackBANK0  0005A
___fladd@grs                                   cstackBANK0  0005B
___fladd@signs                                 cstackBANK0  00058
___fldiv                                       text23       009BD
___fldiv@a                                     cstackBANK0  00068
___fldiv@aexp                                  cstackBANK1  000D5
___fldiv@b                                     cstackBANK0  0006C
___fldiv@bexp                                  cstackBANK1  000D4
___fldiv@grs                                   cstackBANK1  000D0
___fldiv@new_exp                               cstackBANK1  000CE
___fldiv@rem                                   cstackBANK1  000C9
___fldiv@sign                                  cstackBANK1  000CD
___flge                                        text5        00932
___flge@ff1                                    cstackBANK0  00020
___flge@ff2                                    cstackBANK0  00024
___flmul                                       text3        00DC5
___flmul@a                                     cstackBANK0  00032
___flmul@aexp                                  cstackBANK0  00040
___flmul@b                                     cstackBANK0  0002E
___flmul@bexp                                  cstackBANK0  00041
___flmul@grs                                   cstackBANK0  0003C
___flmul@prod                                  cstackBANK0  00042
___flmul@sign                                  cstackBANK0  0003B
___flmul@temp                                  cstackBANK0  00046
___flneg                                       text22       013C1
___flneg@f1                                    cstackBANK0  00020
___fltol                                       text21       00841
___fltol@exp1                                  cstackBANK0  00065
___fltol@f1                                    cstackBANK0  0005C
___fltol@sign1                                 cstackBANK0  00064
___heap_hi                                     (abs)        00000
___heap_lo                                     (abs)        00000
___int_sp                                      stack        00000
___latbits                                     (abs)        00003
___sp                                          stack        00000
___stackhi                                     (abs)        00000
___stacklo                                     (abs)        00000
___wmul                                        text16       01561
___wmul@multiplicand                           cstackBANK0  0002B
___wmul@multiplier                             cstackBANK0  00029
___wmul@product                                cstackBANK0  0002D
___xxtofl                                      text20       00750
___xxtofl@arg                                  cstackBANK0  0002A
___xxtofl@exp                                  cstackBANK0  00029
___xxtofl@sign                                 cstackBANK0  00028
___xxtofl@val                                  cstackBANK0  00020
__end_of_ADC_DefaultInterruptHandler           text75       012F5
__end_of_ADC_ISR                               text74       013DC
__end_of_ADC_Initialize                        text47       0145C
__end_of_ADC_SetInterruptHandler               text48       0133A
__end_of_CH1_Falling_interrupt                 text56       01561
__end_of_CH1_Rising_interrupt                  text59       0131F
__end_of_CH2_Falling_interrupt                 text62       01542
__end_of_CH2_Rising_interrupt                  text65       01316
__end_of_EUSART_DefaultErrorHandler            text72       01307
__end_of_EUSART_DefaultFramingErrorHandler     text71       012F6
__end_of_EUSART_DefaultOverrunErrorHandler     text70       00804
__end_of_EUSART_Initialize                     text41       0173C
__end_of_EUSART_Receive_ISR                    text69       00841
__end_of_EUSART_RxDataHandler                  text73       0148B
__end_of_EUSART_SetErrorHandler                text46       01343
__end_of_EUSART_SetFramingErrorHandler         text45       0134C
__end_of_EUSART_SetOverrunErrorHandler         text44       01355
__end_of_EUSART_SetRxInterruptHandler          text43       0135E
__end_of_EUSART_SetTxInterruptHandler          text42       01367
__end_of_EUSART_Transmit_ISR                   text68       01606
__end_of_INTERRUPT_InterruptManager            intentry     00048
__end_of_IOCBF0_DefaultInterruptHandler        text66       012F7
__end_of_IOCBF0_ISR                            text64       013EB
__end_of_IOCBF0_SetInterruptHandler            text39       01370
__end_of_IOCBF1_DefaultInterruptHandler        text63       00003
__end_of_IOCBF1_ISR                            text61       013FA
__end_of_IOCBF1_SetInterruptHandler            text38       01379
__end_of_IOCCF2_DefaultInterruptHandler        text60       00004
__end_of_IOCCF2_ISR                            text58       01409
__end_of_IOCCF2_SetInterruptHandler            text37       01382
__end_of_IOCCF3_DefaultInterruptHandler        text57       00800
__end_of_IOCCF3_ISR                            text55       01418
__end_of_IOCCF3_SetInterruptHandler            text36       0138B
__end_of_OSCILLATOR_Initialize                 text40       013C1
__end_of_PIN_MANAGER_IOC                       text54       015A2
__end_of_PIN_MANAGER_Initialize                text35       00932
__end_of_PWM11_DutyCycleSet                    text19       01394
__end_of_PWM11_Initialize                      text34       01472
__end_of_PWM11_LoadBufferSet                   text18       01303
__end_of_PWM3_Initialize                       text33       0139F
__end_of_PWM3_LoadDutyValue                    text12       014EF
__end_of_PWM4_Initialize                       text32       013AA
__end_of_PWM4_LoadDutyValue                    text14       014D6
__end_of_PWM5_DutyCycleSet                     text52       01328
__end_of_PWM5_Initialize                       text31       01523
__end_of_PWM5_LoadBufferSet                    text51       012FA
__end_of_PWM6_DutyCycleSet                     text50       01331
__end_of_PWM6_Initialize                       text30       014BD
__end_of_PWM6_LoadBufferSet                    text49       012FD
__end_of_PWM9_Initialize                       text29       013B5
__end_of_PWM9_LoadDutyValue                    text10       01508
__end_of_SYSTEM_Initialize                     text25       01652
__end_of_TMR1_Initialize                       text28       01437
__end_of_TMR1_ReadTimer                        text67       014A4
__end_of_TMR1_StartTimer                       text24       01300
__end_of_TMR2_Initialize                       text27       01427
__end_of_WDT_Initialize                        text26       007FF
__end_of__Umul8_16                             text4        0162A
__end_of___awdiv                               text17       0179C
__end_of___fladd                               text6        00DC5
__end_of___fldiv                               text23       00BBD
__end_of___flge                                text5        009BD
__end_of___flmul                               text3        01000
__end_of___flneg                               text22       013CD
__end_of___fltol                               text21       008B2
__end_of___wmul                                text16       01581
__end_of___xxtofl                              text20       007FB
__end_of__initialization                       cinit        00059
__end_of_l_turn                                text8        015C3
__end_of_m1_on                                 text15       01800
__end_of_m2_on                                 text13       0168A
__end_of_m3_on                                 text11       016C2
__end_of_m4_on                                 text9        016FA
__end_of_main                                  maintext     0043C
__end_of_nanf                                  text2        01449
__end_of_r_turn                                text7        015E4
__end_of_sqrtf                                 text1        00750
__end_of_tiny                                  stringtext1  01804
__initialization                               cinit        0004A
__pbssBANK1                                    bssBANK1     000EC
__pbssBANK2                                    bssBANK2     00120
__pbssCOMMON                                   bssCOMMON    0007C
__pcstackBANK0                                 cstackBANK0  00020
__pcstackBANK1                                 cstackBANK1  000A0
__pcstackCOMMON                                cstackCOMMON 00070
__pintentry                                    intentry     00004
__pmaintext                                    maintext     0005D
__pnvBANK2                                     nvBANK2      00155
__pstringtext1                                 stringtext1  01800
__pstringtext2                                 stringtext2  01804
__pstringtext3                                 stringtext3  00000
__ptext1                                       text1        0043C
__ptext10                                      text10       014EF
__ptext11                                      text11       0168A
__ptext12                                      text12       014D6
__ptext13                                      text13       01652
__ptext14                                      text14       014BD
__ptext15                                      text15       0179C
__ptext16                                      text16       01561
__ptext17                                      text17       0173C
__ptext18                                      text18       01300
__ptext19                                      text19       0138B
__ptext2                                       text2        01437
__ptext20                                      text20       00750
__ptext21                                      text21       00841
__ptext22                                      text22       013C1
__ptext23                                      text23       009BD
__ptext24                                      text24       012FD
__ptext25                                      text25       0162A
__ptext26                                      text26       007FB
__ptext27                                      text27       01418
__ptext28                                      text28       01427
__ptext29                                      text29       013AA
__ptext3                                       text3        00DC5
__ptext30                                      text30       014A4
__ptext31                                      text31       01508
__ptext32                                      text32       0139F
__ptext33                                      text33       01394
__ptext34                                      text34       0145C
__ptext35                                      text35       008B2
__ptext36                                      text36       01382
__ptext37                                      text37       01379
__ptext38                                      text38       01370
__ptext39                                      text39       01367
__ptext4                                       text4        01606
__ptext40                                      text40       013B5
__ptext41                                      text41       016FA
__ptext42                                      text42       0135E
__ptext43                                      text43       01355
__ptext44                                      text44       0134C
__ptext45                                      text45       01343
__ptext46                                      text46       0133A
__ptext47                                      text47       01449
__ptext48                                      text48       01331
__ptext49                                      text49       012FA
__ptext5                                       text5        00932
__ptext50                                      text50       01328
__ptext51                                      text51       012F7
__ptext52                                      text52       0131F
__ptext54                                      text54       01581
__ptext55                                      text55       01409
__ptext56                                      text56       01542
__ptext57                                      text57       007FF
__ptext58                                      text58       013FA
__ptext59                                      text59       01316
__ptext6                                       text6        00BBD
__ptext60                                      text60       00003
__ptext61                                      text61       013EB
__ptext62                                      text62       01523
__ptext63                                      text63       00002
__ptext64                                      text64       013DC
__ptext65                                      text65       0130D
__ptext66                                      text66       012F6
__ptext67                                      text67       0148B
__ptext68                                      text68       015E4
__ptext69                                      text69       00804
__ptext7                                       text7        015C3
__ptext70                                      text70       00800
__ptext71                                      text71       012F5
__ptext72                                      text72       01303
__ptext73                                      text73       01472
__ptext74                                      text74       013CD
__ptext75                                      text75       012F4
__ptext8                                       text8        015A2
__ptext9                                       text9        016C2
_errno                                         bssBANK2     00138
_eusartRxBuffer                                bssBANK2     00128
_eusartRxCount                                 bssBANK1     000EC
_eusartRxHead                                  bssCOMMON    0007D
_eusartRxLastError                             bssBANK2     00154
_eusartRxStatusBuffer                          bssBANK2     00120
_eusartRxTail                                  bssCOMMON    0007C
_eusartTxBuffer                                bssBANK2     00130
_eusartTxBufferRemaining                       bssBANK1     000ED
_eusartTxHead                                  bssBANK1     000EF
_eusartTxTail                                  bssBANK1     000EE
_g_ch1_falling_value                           bssBANK2     00142
_g_ch1_pulse_width                             bssBANK2     00140
_g_ch1_rising_value                            bssBANK2     00144
_g_ch2_falling_value                           bssBANK2     0013C
_g_ch2_pulse_width                             bssBANK2     0013A
_g_ch2_rising_value                            bssBANK2     0013E
_l_turn                                        text8        015A2
_m1_on                                         text15       0179C
_m2_on                                         text13       01652
_m3_on                                         text11       0168A
_m4_on                                         text9        016C2
_main                                          maintext     0005D
_nanf                                          text2        01437
_r_turn                                        text7        015C3
_sqrtf                                         text1        0043C
_timer1ReloadVal                               bssBANK2     00150
btemp                                          (abs)        0007E
clear_ram0                                     clrtext      01307
end_of_initialization                          cinit        00059
int$flags                                      (abs)        0007E
intlevel0                                      functab      00000
intlevel1                                      functab      00000
intlevel2                                      functab      00000
intlevel3                                      functab      00000
intlevel4                                      functab      00000
intlevel5                                      functab      00000
m1_on@duty                                     cstackBANK0  0002F
m2_on@duty                                     cstackBANK0  0002F
m3_on@duty                                     cstackBANK0  0002F
m4_on@duty                                     cstackBANK0  0002F
main@X                                         cstackBANK1  000E8
main@Y                                         cstackBANK1  000EA
main@lservo_duty                               cstackBANK1  000E0
main@mservo_duty                               cstackBANK1  000E2
main@r2                                        cstackBANK1  000E4
main@x                                         cstackBANK1  000D8
main@x_duty                                    cstackBANK1  000DC
main@y                                         cstackBANK1  000DA
main@y_duty                                    cstackBANK1  000DE
nanf@s                                         cstackBANK0  00020
nanf@u                                         cstackBANK0  00024
reset_vec                                      reset_vec    00000
sqrtf@__xc8_float_word                         cstackBANK1  000A8
sqrtf@i                                        cstackBANK1  000A4
sqrtf@ix                                       cstackBANK1  000C0
sqrtf@m                                        cstackBANK1  000B8
sqrtf@q                                        cstackBANK1  000AC
sqrtf@r                                        cstackBANK1  000BC
sqrtf@s                                        cstackBANK1  000A0
sqrtf@t                                        cstackBANK1  000B0
sqrtf@x                                        cstackBANK0  0005C
sqrtf@z                                        cstackBANK1  000B4
start                                          init         00048
start_initialization                           cinit        0004A
wtemp0                                         (abs)        0007E


MODULE INFORMATION

Module		Function		Class		Link	Load	Size
mcc_generated_files/pwm6.c
		_PWM6_LoadBufferSet		CODE           	12FA	0000	3
		_PWM6_DutyCycleSet		CODE           	1328	0000	9
		_PWM6_Initialize		CODE           	14A4	0000	25

mcc_generated_files/pwm6.c estimated size: 37

mcc_generated_files/pwm4.c
		_PWM4_Initialize		CODE           	139F	0000	11
		_PWM4_LoadDutyValue		CODE           	14BD	0000	25

mcc_generated_files/pwm4.c estimated size: 36

D:\Program Files\Microchip\xc8\v2.40\pic\sources\c99\common\sprcmul.c
		___flmul       		CODE           	0DC5	0000	571

D:\Program Files\Microchip\xc8\v2.40\pic\sources\c99\common\sprcmul.c estimated size: 571

mcc_generated_files/tmr2.c
		_TMR2_Initialize		CODE           	1418	0000	15

mcc_generated_files/tmr2.c estimated size: 15

mcc_generated_files/interrupt_manager.c
		_INTERRUPT_InterruptManager		CODE           	0004	0000	68

mcc_generated_files/interrupt_manager.c estimated size: 68

D:\Program Files\Microchip\xc8\v2.40\pic\sources\c99\common\xxtofl.c
		___xxtofl      		CODE           	0750	0000	171

D:\Program Files\Microchip\xc8\v2.40\pic\sources\c99\common\xxtofl.c estimated size: 171

D:\Program Files\Microchip\xc8\v2.40\pic\sources\c99\common\sprcdiv.c
		___fldiv       		CODE           	09BD	0000	512

D:\Program Files\Microchip\xc8\v2.40\pic\sources\c99\common\sprcdiv.c estimated size: 512

D:\Program Files\Microchip\xc8\v2.40\pic\sources\c99\common\sqrtf.c
		_sqrtf         		CODE           	043C	0000	788

D:\Program Files\Microchip\xc8\v2.40\pic\sources\c99\common\sqrtf.c estimated size: 788

mcc_generated_files/pwm11.c
		_PWM11_DutyCycleSet		CODE           	138B	0000	9
		_PWM11_Initialize		CODE           	145C	0000	22
		_PWM11_LoadBufferSet		CODE           	1300	0000	3

mcc_generated_files/pwm11.c estimated size: 34

D:\Program Files\Microchip\xc8\v2.40\pic\sources\c99\common\awdiv.c
		___awdiv       		CODE           	173C	0000	96

D:\Program Files\Microchip\xc8\v2.40\pic\sources\c99\common\awdiv.c estimated size: 96

mcc_generated_files/pin_manager.c
		_IOCBF0_ISR    		CODE           	13DC	0000	15
		_PIN_MANAGER_Initialize		CODE           	08B2	0000	128
		_IOCCF3_DefaultInterruptHandler		CODE           	07FF	0000	1
		_IOCCF3_ISR    		CODE           	1409	0000	15
		_IOCCF2_SetInterruptHandler		CODE           	1379	0000	9
		_IOCBF1_DefaultInterruptHandler		CODE           	0002	0000	1
		_IOCBF1_ISR    		CODE           	13EB	0000	15
		_IOCBF0_SetInterruptHandler		CODE           	1367	0000	9
		_IOCCF3_SetInterruptHandler		CODE           	1382	0000	9
		_PIN_MANAGER_IOC		CODE           	1581	0000	33
		_IOCBF1_SetInterruptHandler		CODE           	1370	0000	9
		_IOCCF2_DefaultInterruptHandler		CODE           	0003	0000	1
		_IOCCF2_ISR    		CODE           	13FA	0000	15
		_IOCBF0_DefaultInterruptHandler		CODE           	12F6	0000	1

mcc_generated_files/pin_manager.c estimated size: 261

D:\Program Files\Microchip\xc8\v2.40\pic\sources\c99\common\fltol.c
		___fltol       		CODE           	0841	0000	113

D:\Program Files\Microchip\xc8\v2.40\pic\sources\c99\common\fltol.c estimated size: 113

D:\Program Files\Microchip\xc8\v2.40\pic\sources\c99\common\flge.c
		___flge        		CODE           	0932	0000	139

D:\Program Files\Microchip\xc8\v2.40\pic\sources\c99\common\flge.c estimated size: 139

mcc_generated_files/adc.c
		_ADC_DefaultInterruptHandler		CODE           	12F4	0000	1
		_ADC_Initialize		CODE           	1449	0000	19
		_ADC_SetInterruptHandler		CODE           	1331	0000	9
		_ADC_ISR       		CODE           	13CD	0000	15

mcc_generated_files/adc.c estimated size: 44

D:\Program Files\Microchip\xc8\v2.40\pic\sources\c99\common\Umul8_16.c
		__Umul8_16     		CODE           	1606	0000	36

D:\Program Files\Microchip\xc8\v2.40\pic\sources\c99\common\Umul8_16.c estimated size: 36

mcc_generated_files/pwm9.c
		_PWM9_LoadDutyValue		CODE           	14EF	0000	25
		_PWM9_Initialize		CODE           	13AA	0000	11

mcc_generated_files/pwm9.c estimated size: 36

D:\Program Files\Microchip\xc8\v2.40\pic\sources\c99\common\sprcadd.c
		___fladd       		CODE           	0BBD	0000	520

D:\Program Files\Microchip\xc8\v2.40\pic\sources\c99\common\sprcadd.c estimated size: 520

shared
		__initialization		CODE           	004A	0000	15
		_tiny          		STRCODE        	0000	0000	0

shared estimated size: 15

mcc_generated_files/pwm5.c
		_PWM5_LoadBufferSet		CODE           	12F7	0000	3
		_PWM5_DutyCycleSet		CODE           	131F	0000	9
		_PWM5_Initialize		CODE           	1508	0000	27

mcc_generated_files/pwm5.c estimated size: 39

mcc_generated_files/mcc.c
		_WDT_Initialize		CODE           	07FB	0000	4
		_OSCILLATOR_Initialize		CODE           	13B5	0000	12
		_SYSTEM_Initialize		CODE           	162A	0000	40

mcc_generated_files/mcc.c estimated size: 56

D:\Program Files\Microchip\xc8\v2.40\pic\sources\c99\common\nanf.c
		_nanf          		CODE           	1437	0000	18

D:\Program Files\Microchip\xc8\v2.40\pic\sources\c99\common\nanf.c estimated size: 18

D:\Program Files\Microchip\xc8\v2.40\pic\sources\c99\common\flneg.c
		___flneg       		CODE           	13C1	0000	12

D:\Program Files\Microchip\xc8\v2.40\pic\sources\c99\common\flneg.c estimated size: 12

mcc_generated_files/pwm3.c
		_PWM3_Initialize		CODE           	1394	0000	11
		_PWM3_LoadDutyValue		CODE           	14D6	0000	25

mcc_generated_files/pwm3.c estimated size: 36

mcc_generated_files/tmr1.c
		_TMR1_Initialize		CODE           	1427	0000	16
		_TMR1_StartTimer		CODE           	12FD	0000	3
		_TMR1_ReadTimer		CODE           	148B	0000	25

mcc_generated_files/tmr1.c estimated size: 44

D:\Program Files\Microchip\xc8\v2.40\pic\sources\c99\common\Umul16.c
		___wmul        		CODE           	1561	0000	32

D:\Program Files\Microchip\xc8\v2.40\pic\sources\c99\common\Umul16.c estimated size: 32

mcc_generated_files/eusart.c
		_EUSART_SetRxInterruptHandler		CODE           	1355	0000	9
		_EUSART_SetTxInterruptHandler		CODE           	135E	0000	9
		_EUSART_DefaultOverrunErrorHandler		CODE           	0800	0000	4
		_EUSART_DefaultErrorHandler		CODE           	1303	0000	4
		_EUSART_Transmit_ISR		CODE           	15E4	0000	34
		_EUSART_Initialize		CODE           	16FA	0000	66
		_EUSART_SetFramingErrorHandler		CODE           	1343	0000	9
		_EUSART_SetErrorHandler		CODE           	133A	0000	9
		_EUSART_SetOverrunErrorHandler		CODE           	134C	0000	9
		_EUSART_Receive_ISR		CODE           	0804	0000	61
		_EUSART_RxDataHandler		CODE           	1472	0000	25
		_EUSART_DefaultFramingErrorHandler		CODE           	12F5	0000	1

mcc_generated_files/eusart.c estimated size: 240

main.c
		_main          		CODE           	005D	0000	991
		_CH1_Rising_interrupt		CODE           	1316	0000	9
		_CH2_Rising_interrupt		CODE           	130D	0000	9
		_CH1_Falling_interrupt		CODE           	1542	0000	31
		_l_turn        		CODE           	15A2	0000	33
		_CH2_Falling_interrupt		CODE           	1523	0000	31
		_r_turn        		CODE           	15C3	0000	33
		_m1_on         		CODE           	179C	0000	100
		_m2_on         		CODE           	1652	0000	56
		_m3_on         		CODE           	168A	0000	56
		_m4_on         		CODE           	16C2	0000	56

main.c estimated size: 1405

